Archive member included to satisfy reference by file (symbol)

liblibc.a(printf.c.obj)       CMakeFiles/LudOS.dir/kern/i686/pc/cpuid.cpp.obj (tfp_format)
liblibc.a(atoi.cpp.obj)       liblibc.a(printf.c.obj) (atoi)
liblibc.a(itoa.cpp.obj)       liblibc.a(printf.c.obj) (ftoa)
liblibc.a(putchar.cpp.obj)    CMakeFiles/LudOS.dir/kern/i686/pc/cpuid.cpp.obj (putchar)
liblibc.a(puts.cpp.obj)       CMakeFiles/LudOS.dir/kern/i686/pc/cpuid.cpp.obj (puts)
liblibc.a(memcpy.cpp.obj)     CMakeFiles/LudOS.dir/kern/terminal/terminal.cpp.obj (memcpy)
liblibc.a(memset.cpp.obj)     CMakeFiles/LudOS.dir/kern/i686/pc/idt.cpp.obj (memset)
liblibc.a(strlen.cpp.obj)     CMakeFiles/LudOS.dir/kern/terminal/terminal.cpp.obj (strlen)
/usr/local/cross/lib/gcc/i686-elf/7.2.0/libgcc.a(_udivdi3.o)
                              CMakeFiles/LudOS.dir/kern/i686/pc/timestamp.cpp.obj (__udivdi3)
/usr/local/cross/lib/gcc/i686-elf/7.2.0/libgcc.a(_umoddi3.o)
                              liblibc.a(printf.c.obj) (__umoddi3)

Discarded input sections

 .group         0x0000000000000000        0x8 CMakeFiles/LudOS.dir/kern/i686/pc/cpuid.cpp.obj
 .group         0x0000000000000000        0xc CMakeFiles/LudOS.dir/kern/i686/pc/cpuid.cpp.obj
 .group         0x0000000000000000        0x8 CMakeFiles/LudOS.dir/kern/i686/pc/cpuid.cpp.obj
 .group         0x0000000000000000        0x8 CMakeFiles/LudOS.dir/kern/i686/pc/cpuid.cpp.obj
 .group         0x0000000000000000        0x8 CMakeFiles/LudOS.dir/kern/i686/pc/cpuid.cpp.obj
 .comment       0x0000000000000000       0x12 CMakeFiles/LudOS.dir/kern/i686/pc/cpuid.cpp.obj
 .group         0x0000000000000000        0x8 CMakeFiles/LudOS.dir/kern/i686/pc/fpu.cpp.obj
 .group         0x0000000000000000        0xc CMakeFiles/LudOS.dir/kern/i686/pc/fpu.cpp.obj
 .group         0x0000000000000000        0x8 CMakeFiles/LudOS.dir/kern/i686/pc/fpu.cpp.obj
 .group         0x0000000000000000        0x8 CMakeFiles/LudOS.dir/kern/i686/pc/fpu.cpp.obj
 .group         0x0000000000000000        0x8 CMakeFiles/LudOS.dir/kern/i686/pc/fpu.cpp.obj
 .group         0x0000000000000000        0x8 CMakeFiles/LudOS.dir/kern/i686/pc/fpu.cpp.obj
 .bss._ZN8Terminal4implE
                0x0000000000000000     0x9c5c CMakeFiles/LudOS.dir/kern/i686/pc/fpu.cpp.obj
 .text._ZZ3logPKczENKUlPvcE_clES1_c
                0x0000000000000000       0x21 CMakeFiles/LudOS.dir/kern/i686/pc/fpu.cpp.obj
 .text._ZZ3logPKczENUlPvcE_4_FUNES1_c
                0x0000000000000000       0x26 CMakeFiles/LudOS.dir/kern/i686/pc/fpu.cpp.obj
 .text._ZZ3logPKczENKUlPvcE_cvPFvS1_cEEv
                0x0000000000000000        0x6 CMakeFiles/LudOS.dir/kern/i686/pc/fpu.cpp.obj
 .text._Z3logPKcz
                0x0000000000000000       0x52 CMakeFiles/LudOS.dir/kern/i686/pc/fpu.cpp.obj
 .bss._ZGVN8Terminal4implE
                0x0000000000000000        0x8 CMakeFiles/LudOS.dir/kern/i686/pc/fpu.cpp.obj
 .comment       0x0000000000000000       0x12 CMakeFiles/LudOS.dir/kern/i686/pc/fpu.cpp.obj
 .group         0x0000000000000000        0x8 CMakeFiles/LudOS.dir/kern/i686/pc/gdt.cpp.obj
 .group         0x0000000000000000        0x8 CMakeFiles/LudOS.dir/kern/i686/pc/gdt.cpp.obj
 .group         0x0000000000000000        0x8 CMakeFiles/LudOS.dir/kern/i686/pc/gdt.cpp.obj
 .bss._ZN8Terminal4implE
                0x0000000000000000     0x9c5c CMakeFiles/LudOS.dir/kern/i686/pc/gdt.cpp.obj
 .bss._ZGVN8Terminal4implE
                0x0000000000000000        0x8 CMakeFiles/LudOS.dir/kern/i686/pc/gdt.cpp.obj
 .comment       0x0000000000000000       0x12 CMakeFiles/LudOS.dir/kern/i686/pc/gdt.cpp.obj
 .group         0x0000000000000000        0x8 CMakeFiles/LudOS.dir/kern/i686/pc/idt.cpp.obj
 .group         0x0000000000000000        0x8 CMakeFiles/LudOS.dir/kern/i686/pc/idt.cpp.obj
 .group         0x0000000000000000        0x8 CMakeFiles/LudOS.dir/kern/i686/pc/idt.cpp.obj
 .group         0x0000000000000000        0x8 CMakeFiles/LudOS.dir/kern/i686/pc/idt.cpp.obj
 .bss._ZN8Terminal4implE
                0x0000000000000000     0x9c5c CMakeFiles/LudOS.dir/kern/i686/pc/idt.cpp.obj
 .bss._ZGVN8Terminal4implE
                0x0000000000000000        0x8 CMakeFiles/LudOS.dir/kern/i686/pc/idt.cpp.obj
 .comment       0x0000000000000000       0x12 CMakeFiles/LudOS.dir/kern/i686/pc/idt.cpp.obj
 .comment       0x0000000000000000       0x12 CMakeFiles/LudOS.dir/kern/i686/pc/io.cpp.obj
 .group         0x0000000000000000        0x8 CMakeFiles/LudOS.dir/kern/i686/pc/isr.cpp.obj
 .group         0x0000000000000000        0x8 CMakeFiles/LudOS.dir/kern/i686/pc/isr.cpp.obj
 .group         0x0000000000000000        0x8 CMakeFiles/LudOS.dir/kern/i686/pc/isr.cpp.obj
 .group         0x0000000000000000        0x8 CMakeFiles/LudOS.dir/kern/i686/pc/isr.cpp.obj
 .group         0x0000000000000000        0x8 CMakeFiles/LudOS.dir/kern/i686/pc/isr.cpp.obj
 .comment       0x0000000000000000       0x12 CMakeFiles/LudOS.dir/kern/i686/pc/isr.cpp.obj
[...]
Memory Configuration

Name             Origin             Length             Attributes
*default*        0x0000000000000000 0xffffffffffffffff

Linker script and memory map

LOAD /usr/local/cross/lib/gcc/i686-elf/7.2.0/libgcc.a
LOAD /usr/local/cross/lib/gcc/i686-elf/7.2.0/libgcc.a
LOAD /usr/local/cross/lib/gcc/i686-elf/7.2.0/libgcc.a
LOAD /usr/local/cross/lib/gcc/i686-elf/7.2.0/libgcc.a
LOAD CMakeFiles/LudOS.dir/kern/i686/pc/cpuid.cpp.obj
LOAD CMakeFiles/LudOS.dir/kern/i686/pc/fpu.cpp.obj
LOAD CMakeFiles/LudOS.dir/kern/i686/pc/gdt.cpp.obj
LOAD CMakeFiles/LudOS.dir/kern/i686/pc/idt.cpp.obj
LOAD CMakeFiles/LudOS.dir/kern/i686/pc/io.cpp.obj
LOAD CMakeFiles/LudOS.dir/kern/i686/pc/isr.cpp.obj
LOAD CMakeFiles/LudOS.dir/kern/i686/pc/meminfo.cpp.obj
LOAD CMakeFiles/LudOS.dir/kern/i686/pc/paging.cpp.obj
LOAD CMakeFiles/LudOS.dir/kern/i686/pc/smbios.cpp.obj
LOAD CMakeFiles/LudOS.dir/kern/i686/pc/timestamp.cpp.obj
LOAD CMakeFiles/LudOS.dir/kern/i686/pc/tss.cpp.obj
LOAD CMakeFiles/LudOS.dir/kern/i686/pc/bootsect.asm.obj
LOAD CMakeFiles/LudOS.dir/kern/i686/pc/crti.asm.obj
LOAD CMakeFiles/LudOS.dir/kern/i686/pc/crtn.asm.obj
LOAD CMakeFiles/LudOS.dir/kern/i686/pc/fpu.asm.obj
LOAD CMakeFiles/LudOS.dir/kern/i686/pc/gdt.asm.obj
LOAD CMakeFiles/LudOS.dir/kern/i686/pc/idt.asm.obj
LOAD CMakeFiles/LudOS.dir/kern/i686/pc/multiboot.asm.obj
LOAD CMakeFiles/LudOS.dir/kern/terminal/terminal.cpp.obj
LOAD CMakeFiles/LudOS.dir/kern/cpp_runtime/guards.cpp.obj
LOAD CMakeFiles/LudOS.dir/kern/cpp_runtime/icxxabi.cpp.obj
LOAD CMakeFiles/LudOS.dir/kern/cpp_runtime/pure_virtual.cpp.obj
LOAD CMakeFiles/LudOS.dir/kern/bios/bda.cpp.obj
LOAD CMakeFiles/LudOS.dir/kern/multiboot/multiboot_kern.cpp.obj
LOAD CMakeFiles/LudOS.dir/kern/ext/liballoc/liballoc_stubs.cpp.obj
LOAD CMakeFiles/LudOS.dir/kern/greet.cpp.obj
LOAD CMakeFiles/LudOS.dir/kern/i686/pc/devices/keyboard.cpp.obj
LOAD CMakeFiles/LudOS.dir/kern/i686/pc/devices/pic.cpp.obj
LOAD CMakeFiles/LudOS.dir/kern/i686/pc/devices/pit.cpp.obj
LOAD CMakeFiles/LudOS.dir/kern/i686/pc/devices/speaker.cpp.obj
LOAD CMakeFiles/LudOS.dir/kern/kmain.cpp.obj
LOAD CMakeFiles/LudOS.dir/kern/panic.cpp.obj
LOAD CMakeFiles/LudOS.dir/kern/ext/liballoc/liballoc.c.obj
LOAD liblibc.a
LOAD /usr/local/cross/lib/gcc/i686-elf/7.2.0/libgcc.a
                0x0000000000100000                . = 0x100000

.boot           0x0000000000100000        0xc
                0x0000000000100000                mbd = .
 *(.multiboot_header)
 .multiboot_header
                0x0000000000100000        0xc CMakeFiles/LudOS.dir/kern/i686/pc/multiboot.asm.obj
                0x000000000010000c                _load_start = .

.text           0x0000000000101000     0x63c9
 *(.text)
 .text          0x0000000000101000      0x942 CMakeFiles/LudOS.dir/kern/i686/pc/cpuid.cpp.obj
                0x0000000000101000                _Z10detect_cpuv
                0x0000000000101065                _Z8do_intelv
                0x00000000001015b2                _Z9printregsiiii
                0x0000000000101657                _Z6do_amdv
 .text          0x0000000000101942       0xe9 CMakeFiles/LudOS.dir/kern/i686/pc/fpu.cpp.obj
                0x0000000000101942                _ZN3FPU4initEv
                0x00000000001019a4                _ZN3FPU11check_cpuidEv
 .text          0x0000000000101a2b      0x22a CMakeFiles/LudOS.dir/kern/i686/pc/gdt.cpp.obj
                0x0000000000101a2b                _ZN3gdt8set_gateEmmmhh
                0x0000000000101aeb                _ZN3gdt4initEv
 .text          0x0000000000101c55      0x5a6 CMakeFiles/LudOS.dir/kern/i686/pc/idt.cpp.obj
                0x0000000000101c55                _ZN3idt8set_gateEhmth
                0x0000000000101ccb                _ZN3idt4initEv
 .text          0x00000000001021fb       0xc6 CMakeFiles/LudOS.dir/kern/i686/pc/io.cpp.obj
                0x00000000001021fb                _Z4outbth
                0x000000000010221d                _Z4outwtt
                0x0000000000102241                _Z4outltm
                0x000000000010225a                _Z3inbt
                0x0000000000102279                _Z3inwt
                0x000000000010229a                _Z3inlt
                0x00000000001022b8                _Z7io_waitv
 .text          0x00000000001022c1       0xb4 CMakeFiles/LudOS.dir/kern/i686/pc/isr.cpp.obj
                0x00000000001022c1                isr_handler
                0x000000000010230a                irq_handler
                0x0000000000102357                _ZN3isr16register_handlerEhPFvPK9registersE
 *fill*         0x0000000000102375        0x1 
 .text          0x0000000000102376      0x168 CMakeFiles/LudOS.dir/kern/i686/pc/meminfo.cpp.obj
                0x0000000000102376                _ZN7Meminfo11free_framesEv
                0x00000000001023e6                _ZN7Meminfo13largest_frameEv
                0x000000000010245e                _ZN7Meminfo5frameEm
 .text          0x00000000001024de      0x13f CMakeFiles/LudOS.dir/kern/i686/pc/paging.cpp.obj
                0x00000000001024de                _ZN6Paging4initEv
 *fill*         0x000000000010261d        0x1 
 .text          0x000000000010261e      0x75e CMakeFiles/LudOS.dir/kern/i686/pc/smbios.cpp.obj
                0x00000000001026ba                _ZN6SMBIOS6locateEv
                0x000000000010282a                _ZN6SMBIOS9bios_infoEv
                0x000000000010299e                _ZN6SMBIOS8cpu_infoEv
                0x0000000000102ca6                _ZN6SMBIOS10get_stringEPhh
                0x0000000000102cfe                _ZN6SMBIOS16find_strings_endEPh
 .text          0x0000000000102d7c       0xda CMakeFiles/LudOS.dir/kern/i686/pc/timestamp.cpp.obj
                0x0000000000102d7c                _Z6uptimev
 .text          0x0000000000102e56        0x0 CMakeFiles/LudOS.dir/kern/i686/pc/tss.cpp.obj
 *fill*         0x0000000000102e56        0xa 
 .text          0x0000000000102e60       0x4d CMakeFiles/LudOS.dir/kern/i686/pc/bootsect.asm.obj
                0x0000000000102e60                _start
 *fill*         0x0000000000102ead        0x3 
 .text          0x0000000000102eb0       0x3d CMakeFiles/LudOS.dir/kern/i686/pc/fpu.asm.obj
                0x0000000000102eb0                check_fpu_presence
                0x0000000000102ed8                setup_fpu
 *fill*         0x0000000000102eed        0x3 
 .text          0x0000000000102ef0       0x1d CMakeFiles/LudOS.dir/kern/i686/pc/gdt.asm.obj
                0x0000000000102ef0                gdt_flush
 *fill*         0x0000000000102f0d        0x3 
 .text          0x0000000000102f10      0x1dd CMakeFiles/LudOS.dir/kern/i686/pc/idt.asm.obj
                0x0000000000102f10                idt_flush
                0x0000000000102f18                isr0
                0x0000000000102f21                isr1
                0x0000000000102f2a                isr2
                0x0000000000102f33                isr3
                0x0000000000102f3c                isr4
                0x0000000000102f45                isr5
                0x0000000000102f4e                isr6
                0x0000000000102f57                isr7
                0x0000000000102f60                isr8
                0x0000000000102f67                isr9
                0x0000000000102f70                isr10
                0x0000000000102f77                isr11
                0x0000000000102f7e                isr12
                0x0000000000102f85                isr13
                0x0000000000102f8c                isr14
                0x0000000000102f93                isr15
                0x0000000000102f9c                isr16
                0x0000000000102fa5                isr17
                0x0000000000102fae                isr18
                0x0000000000102fb7                isr19
                0x0000000000102fc0                isr20
                0x0000000000102fc9                isr21
                0x0000000000102fd2                isr22
                0x0000000000102fdb                isr23
                0x0000000000102fe4                isr24
                0x0000000000102fed                isr25
                0x0000000000102ff6                isr26
                0x0000000000102fff                isr27
                0x0000000000103008                isr28
                0x000000000010300e                isr29
                0x0000000000103014                isr30
                0x000000000010301a                isr31
                0x0000000000103020                irq0
                0x0000000000103029                irq1
                0x0000000000103032                irq2
                0x000000000010303b                irq3
                0x0000000000103041                irq4
                0x0000000000103047                irq5
                0x000000000010304d                irq6
                0x0000000000103053                irq7
                0x0000000000103059                irq8
                0x000000000010305f                irq9
                0x0000000000103065                irq10
                0x000000000010306b                irq11
                0x0000000000103071                irq12
                0x0000000000103077                irq13
                0x000000000010307d                irq14
                0x0000000000103083                irq15
 *fill*         0x00000000001030ed        0x1 
 .text          0x00000000001030ee      0x7be CMakeFiles/LudOS.dir/kern/terminal/terminal.cpp.obj
                0x0000000000103138                _ZN6detail12TerminalImplC2Ev
                0x0000000000103138                _ZN6detail12TerminalImplC1Ev
                0x00000000001031c6                _ZN6detail12TerminalImpl9set_colorEh
                0x00000000001031e0                _ZN6detail12TerminalImpl12put_entry_atEhhmm
                0x000000000010324c                _ZN6detail12TerminalImpl8put_charEh
                0x0000000000103390                _ZN6detail12TerminalImpl5writeEPKcm
                0x00000000001033d2                _ZN6detail12TerminalImpl12write_stringEPKc
                0x00000000001033fe                _ZN6detail12TerminalImpl5clearEv
                0x0000000000103438                _ZN6detail12TerminalImpl9scroll_upEv
                0x00000000001034f6                _ZN6detail12TerminalImpl10push_colorEh
                0x0000000000103526                _ZN6detail12TerminalImpl9pop_colorEv
                0x0000000000103540                _ZN6detail12TerminalImpl12show_historyEi
                0x0000000000103658                _ZN6detail12TerminalImpl8new_lineEv
                0x000000000010368a                _ZN6detail12TerminalImpl19add_line_to_historyEv
                0x000000000010370e                _ZN6detail12TerminalImpl9check_posEv
                0x000000000010379c                _ZN6detail12TerminalImpl11move_cursorEmm
                0x0000000000103830                _ZN6detail12TerminalImpl13update_cursorEv
 .text          0x00000000001038ac       0x1b CMakeFiles/LudOS.dir/kern/cpp_runtime/guards.cpp.obj
                0x00000000001038ac                __cxa_guard_acquire
                0x00000000001038bc                __cxa_guard_release
                0x00000000001038c5                __cxa_guard_abort
 .text          0x00000000001038c7      0x168 CMakeFiles/LudOS.dir/kern/cpp_runtime/icxxabi.cpp.obj
                0x00000000001038c7                __cxa_atexit
                0x000000000010393b                __cxa_finalize
 .text          0x0000000000103a2f       0x10 CMakeFiles/LudOS.dir/kern/cpp_runtime/pure_virtual.cpp.obj
                0x0000000000103a2f                __cxa_pure_virtual
 .text          0x0000000000103a3f      0x14f CMakeFiles/LudOS.dir/kern/bios/bda.cpp.obj
                0x0000000000103a3f                _ZN3BDA9com1_portEv
                0x0000000000103a59                _ZN3BDA9com2_portEv
                0x0000000000103a73                _ZN3BDA9com3_portEv
                0x0000000000103a8d                _ZN3BDA9com4_portEv
                0x0000000000103aa7                _ZN3BDA9lpt1_portEv
                0x0000000000103ac1                _ZN3BDA9lpt2_portEv
                0x0000000000103adb                _ZN3BDA9lpt3_portEv
                0x0000000000103af5                _ZN3BDA10equipementEv
                0x0000000000103b0f                _ZN3BDA9kbd_stateEv
                0x0000000000103b29                _ZN3BDA10kbd_bufferEv
                0x0000000000103b40                _ZN3BDA9disp_modeEv
                0x0000000000103b5a                _ZN3BDA16txt_mode_columnsEv
                0x0000000000103b74                _ZN3BDA13video_io_portEv
 .text          0x0000000000103b8e      0x1f0 CMakeFiles/LudOS.dir/kern/multiboot/multiboot_kern.cpp.obj
                0x0000000000103b8e                _ZN9multiboot5checkEmRK16multiboot_headerPK14multiboot_info
                0x0000000000103bee                _ZN9multiboot10parse_infoEPK14multiboot_info
 .text          0x0000000000103d7e       0x42 CMakeFiles/LudOS.dir/kern/ext/liballoc/liballoc_stubs.cpp.obj
                0x0000000000103d7e                liballoc_lock
                0x0000000000103da7                liballoc_unlock
                0x0000000000103dbc                liballoc_alloc
                0x0000000000103dbe                liballoc_free
 .text          0x0000000000103dc0       0x90 CMakeFiles/LudOS.dir/kern/greet.cpp.obj
                0x0000000000103dc0                _Z5greetv
 .text          0x0000000000103e50      0x5c1 CMakeFiles/LudOS.dir/kern/i686/pc/devices/keyboard.cpp.obj
                0x0000000000103f1c                _ZN8Keyboard4initEv
                0x0000000000103f70                _ZN8Keyboard8set_ledsEh
                0x0000000000103fb0                _ZN8Keyboard10toggle_ledEhb
                0x000000000010401e                _ZN8Keyboard10set_kbdmapEPKh
                0x000000000010402a                _ZN8Keyboard3isrEPK9registers
                0x0000000000104394                _ZN8Keyboard4waitEv
 .text          0x0000000000104411      0x22f CMakeFiles/LudOS.dir/kern/i686/pc/devices/pic.cpp.obj
                0x0000000000104411                _ZN3pic4initEv
                0x0000000000104520                _ZN3pic8send_eoiEh
                0x0000000000104562                _ZN3pic8set_maskEh
                0x00000000001045d0                _ZN3pic14IRQ_clear_maskEh
 .text          0x0000000000104640      0x11d CMakeFiles/LudOS.dir/kern/i686/pc/devices/pit.cpp.obj
                0x0000000000104640                _ZN3PIT4initEm
                0x0000000000104684                _ZN3PIT13set_frequencyEm
                0x00000000001046e6                _ZN3PIT23set_pcspeaker_frequencyEt
                0x000000000010474e                _ZN3PIT12irq_callbackEPK9registers
 *fill*         0x000000000010475d        0x1 
 .text          0x000000000010475e       0xbf CMakeFiles/LudOS.dir/kern/i686/pc/devices/speaker.cpp.obj
                0x000000000010475e                _ZN7Speaker4beepEmt
                0x0000000000104794                _ZN7Speaker10play_soundEt
                0x00000000001047ee                _ZN7Speaker4stopEv
 *fill*         0x000000000010481d        0x1 
 .text          0x000000000010481e      0x17e CMakeFiles/LudOS.dir/kern/kmain.cpp.obj
                0x000000000010486c                kmain
 .text          0x000000000010499c       0xfb CMakeFiles/LudOS.dir/kern/panic.cpp.obj
                0x00000000001049ea                _Z5panicPKcz
 .text          0x0000000000104a97     0x1124 CMakeFiles/LudOS.dir/kern/ext/liballoc/liballoc.c.obj
                0x0000000000104b43                liballoc_dump
                0x0000000000104df5                kmalloc
                0x000000000010567a                kfree
                0x00000000001059a6                kcalloc
                0x00000000001059e8                krealloc
 .text          0x0000000000105bbb      0xec2 liblibc.a(printf.c.obj)
                0x00000000001062ee                tfp_format
                0x0000000000106881                init_printf
                0x0000000000106895                tfp_vprintf
                0x00000000001068ba                tfp_printf
                0x000000000010692d                tfp_vsnprintf
                0x00000000001069a3                tfp_snprintf
                0x0000000000106a0c                tfp_vsprintf
                0x0000000000106a4e                tfp_sprintf
 .text          0x0000000000106a7d       0xd3 liblibc.a(atoi.cpp.obj)
                0x0000000000106a7d                atoi
 .text          0x0000000000106b50      0x490 liblibc.a(itoa.cpp.obj)
                0x0000000000106b50                ftoa
                0x0000000000106dfa                itoa
 .text          0x0000000000106fe0       0x7a liblibc.a(putchar.cpp.obj)
                0x0000000000106fe0                putchar
 .text          0x000000000010705a       0x1c liblibc.a(puts.cpp.obj)
                0x000000000010705a                puts
 .text          0x0000000000107076       0x4d liblibc.a(memcpy.cpp.obj)
                0x0000000000107076                memcpy
 .text          0x00000000001070c3       0x86 liblibc.a(memset.cpp.obj)
                0x00000000001070c3                memset
                0x00000000001070ff                memsetw
 .text          0x0000000000107149       0x2b liblibc.a(strlen.cpp.obj)
                0x0000000000107149                strlen
 *fill*         0x0000000000107174        0xc 
 .text          0x0000000000107180      0x126 /usr/local/cross/lib/gcc/i686-elf/7.2.0/libgcc.a(_udivdi3.o)
                0x0000000000107180                __udivdi3
 *fill*         0x00000000001072a6        0xa 
 .text          0x00000000001072b0      0x119 /usr/local/cross/lib/gcc/i686-elf/7.2.0/libgcc.a(_umoddi3.o)
                0x00000000001072b0                __umoddi3
 *(.gnu.linkonce.t*)

.text._ZZ3logPKczENKUlPvcE_clES1_c
                0x00000000001073ca       0x21
 .text._ZZ3logPKczENKUlPvcE_clES1_c
                0x00000000001073ca       0x21 CMakeFiles/LudOS.dir/kern/i686/pc/cpuid.cpp.obj
                0x00000000001073ca                _ZZ3logPKczENKUlPvcE_clES1_c

.text._ZZ3logPKczENUlPvcE_4_FUNES1_c
                0x00000000001073eb       0x26
 .text._ZZ3logPKczENUlPvcE_4_FUNES1_c
                0x00000000001073eb       0x26 CMakeFiles/LudOS.dir/kern/i686/pc/cpuid.cpp.obj
                0x00000000001073eb                _ZZ3logPKczENUlPvcE_4_FUNES1_c

.text._ZZ3logPKczENKUlPvcE_cvPFvS1_cEEv
                0x0000000000107412        0x6
 .text._ZZ3logPKczENKUlPvcE_cvPFvS1_cEEv
                0x0000000000107412        0x6 CMakeFiles/LudOS.dir/kern/i686/pc/cpuid.cpp.obj
                0x0000000000107412                _ZZ3logPKczENKUlPvcE_cvPFvS1_cEEv

.text._Z3logPKcz
                0x0000000000107418       0x52
 .text._Z3logPKcz
                0x0000000000107418       0x52 CMakeFiles/LudOS.dir/kern/i686/pc/cpuid.cpp.obj
                0x0000000000107418                _Z3logPKcz

.text._Z9bit_checkImEbRT_m
                0x000000000010746a       0x19
 .text._Z9bit_checkImEbRT_m
                0x000000000010746a       0x19 CMakeFiles/LudOS.dir/kern/i686/pc/fpu.cpp.obj
                0x000000000010746a                _Z9bit_checkImEbRT_m

.text._Z4sizeIN3gdt5entryELm6EEmRAT0__T_
                0x0000000000107483        0x6
 .text._Z4sizeIN3gdt5entryELm6EEmRAT0__T_
                0x0000000000107483        0x6 CMakeFiles/LudOS.dir/kern/i686/pc/gdt.cpp.obj
                0x0000000000107483                _Z4sizeIN3gdt5entryELm6EEmRAT0__T_

.text._Z3stiv   0x0000000000107489        0x3
 .text._Z3stiv  0x0000000000107489        0x3 CMakeFiles/LudOS.dir/kern/i686/pc/idt.cpp.obj
                0x0000000000107489                _Z3stiv

.text._Z4sizeIN3idt5entryELm256EEmRAT0__T_
                0x000000000010748c        0x6
 .text._Z4sizeIN3idt5entryELm256EEmRAT0__T_
                0x000000000010748c        0x6 CMakeFiles/LudOS.dir/kern/i686/pc/idt.cpp.obj
                0x000000000010748c                _Z4sizeIN3idt5entryELm256EEmRAT0__T_

.text._Z3cr0v   0x0000000000107492       0x12
 .text._Z3cr0v  0x0000000000107492       0x12 CMakeFiles/LudOS.dir/kern/i686/pc/isr.cpp.obj
                0x0000000000107492                _Z3cr0v

.text._Z3cr2v   0x00000000001074a4       0x12
 .text._Z3cr2v  0x00000000001074a4       0x12 CMakeFiles/LudOS.dir/kern/i686/pc/isr.cpp.obj
                0x00000000001074a4                _Z3cr2v

.text._Z3cr3v   0x00000000001074b6       0x12
 .text._Z3cr3v  0x00000000001074b6       0x12 CMakeFiles/LudOS.dir/kern/i686/pc/isr.cpp.obj
                0x00000000001074b6                _Z3cr3v

.text._Z3cr4v   0x00000000001074c8       0x12
 .text._Z3cr4v  0x00000000001074c8       0x12 CMakeFiles/LudOS.dir/kern/i686/pc/isr.cpp.obj
                0x00000000001074c8                _Z3cr4v

.text._Z4dumpPK9registers
                0x00000000001074da      0x155
 .text._Z4dumpPK9registers
                0x00000000001074da      0x155 CMakeFiles/LudOS.dir/kern/i686/pc/isr.cpp.obj
                0x00000000001074da                _Z4dumpPK9registers

.text._Z4physm  0x000000000010762f        0x5
 .text._Z4physm
                0x000000000010762f        0x5 CMakeFiles/LudOS.dir/kern/i686/pc/meminfo.cpp.obj
                0x000000000010762f                _Z4physm

.text._Z4virtm  0x0000000000107634        0x5
 .text._Z4virtm
                0x0000000000107634        0x5 CMakeFiles/LudOS.dir/kern/i686/pc/smbios.cpp.obj
                0x0000000000107634                _Z4virtm

.text._ZN8Terminal10push_colorEh
                0x0000000000107639       0x26
 .text._ZN8Terminal10push_colorEh
                0x0000000000107639       0x26 CMakeFiles/LudOS.dir/kern/i686/pc/smbios.cpp.obj
                0x0000000000107639                _ZN8Terminal10push_colorEh

.text._ZN8Terminal9pop_colorEv
                0x000000000010765f       0x18
 .text._ZN8Terminal9pop_colorEv
                0x000000000010765f       0x18 CMakeFiles/LudOS.dir/kern/i686/pc/smbios.cpp.obj
                0x000000000010765f                _ZN8Terminal9pop_colorEv

.text._ZZ4warnPKczENKUlPvcE_clES1_c
                0x0000000000107678       0x21
 .text._ZZ4warnPKczENKUlPvcE_clES1_c
                0x0000000000107678       0x21 CMakeFiles/LudOS.dir/kern/i686/pc/smbios.cpp.obj
                0x0000000000107678                _ZZ4warnPKczENKUlPvcE_clES1_c

.text._ZZ4warnPKczENUlPvcE_4_FUNES1_c
                0x0000000000107699       0x26
 .text._ZZ4warnPKczENUlPvcE_4_FUNES1_c
                0x0000000000107699       0x26 CMakeFiles/LudOS.dir/kern/i686/pc/smbios.cpp.obj
                0x0000000000107699                _ZZ4warnPKczENUlPvcE_4_FUNES1_c

.text._ZZ4warnPKczENKUlPvcE_cvPFvS1_cEEv
                0x00000000001076c0        0x6
 .text._ZZ4warnPKczENKUlPvcE_cvPFvS1_cEEv
                0x00000000001076c0        0x6 CMakeFiles/LudOS.dir/kern/i686/pc/smbios.cpp.obj
                0x00000000001076c0                _ZZ4warnPKczENKUlPvcE_cvPFvS1_cEEv

.text._Z4warnPKcz
                0x00000000001076c6       0x64
 .text._Z4warnPKcz
                0x00000000001076c6       0x64 CMakeFiles/LudOS.dir/kern/i686/pc/smbios.cpp.obj
                0x00000000001076c6                _Z4warnPKcz

.text._Z9bit_checkIhEbRT_m
                0x000000000010772a       0x1d
 .text._Z9bit_checkIhEbRT_m
                0x000000000010772a       0x1d CMakeFiles/LudOS.dir/kern/i686/pc/smbios.cpp.obj
                0x000000000010772a                _Z9bit_checkIhEbRT_m

.text._Z5rdtscv
                0x0000000000107747       0x19
 .text._Z5rdtscv
                0x0000000000107747       0x19 CMakeFiles/LudOS.dir/kern/i686/pc/timestamp.cpp.obj
                0x0000000000107747                _Z5rdtscv

.text._ZN5Timer5ticksEv
                0x0000000000107760        0x6
 .text._ZN5Timer5ticksEv
                0x0000000000107760        0x6 CMakeFiles/LudOS.dir/kern/i686/pc/timestamp.cpp.obj
                0x0000000000107760                _ZN5Timer5ticksEv

.text._ZN5Timer4freqEv
                0x0000000000107766        0x6
 .text._ZN5Timer4freqEv
                0x0000000000107766        0x6 CMakeFiles/LudOS.dir/kern/i686/pc/timestamp.cpp.obj
                0x0000000000107766                _ZN5Timer4freqEv

.text._Z11clock_speedb
                0x000000000010776c       0xd5
 .text._Z11clock_speedb
                0x000000000010776c       0xd5 CMakeFiles/LudOS.dir/kern/i686/pc/timestamp.cpp.obj
                0x000000000010776c                _Z11clock_speedb

.text._Z7isprintDi
                0x0000000000107841       0x25
 .text._Z7isprintDi
                0x0000000000107841       0x25 CMakeFiles/LudOS.dir/kern/terminal/terminal.cpp.obj
                0x0000000000107841                _Z7isprintDi

.text._ZN14CircularBufferIA80_tLm250EEC2Ev
                0x0000000000107866       0x1b
 .text._ZN14CircularBufferIA80_tLm250EEC2Ev
                0x0000000000107866       0x1b CMakeFiles/LudOS.dir/kern/terminal/terminal.cpp.obj
                0x0000000000107866                _ZN14CircularBufferIA80_tLm250EEC2Ev
                0x0000000000107866                _ZN14CircularBufferIA80_tLm250EEC1Ev

.text._ZNK14CircularBufferIA80_tLm250EE4sizeEv
                0x0000000000107882       0x20
 .text._ZNK14CircularBufferIA80_tLm250EE4sizeEv
                0x0000000000107882       0x20 CMakeFiles/LudOS.dir/kern/terminal/terminal.cpp.obj
                0x0000000000107882                _ZNK14CircularBufferIA80_tLm250EE4sizeEv

.text._ZN14CircularBufferIA80_tLm250EEixEm
                0x00000000001078a2       0x1a
 .text._ZN14CircularBufferIA80_tLm250EEixEm
                0x00000000001078a2       0x1a CMakeFiles/LudOS.dir/kern/terminal/terminal.cpp.obj
                0x00000000001078a2                _ZN14CircularBufferIA80_tLm250EEixEm

.text._Z4sizeIKtLm80EEmRAT0__T_
                0x00000000001078bc        0x6
 .text._Z4sizeIKtLm80EEmRAT0__T_
                0x00000000001078bc        0x6 CMakeFiles/LudOS.dir/kern/terminal/terminal.cpp.obj
                0x00000000001078bc                _Z4sizeIKtLm80EEmRAT0__T_

.text._ZN14CircularBufferIA80_tLm250EE3addERA80_Kt
                0x00000000001078c2       0x89
 .text._ZN14CircularBufferIA80_tLm250EE3addERA80_Kt
                0x00000000001078c2       0x89 CMakeFiles/LudOS.dir/kern/terminal/terminal.cpp.obj
                0x00000000001078c2                _ZN14CircularBufferIA80_tLm250EE3addERA80_Kt

.text._ZNK14CircularBufferIA80_tLm250EEixEm
                0x000000000010794c       0xc5
 .text._ZNK14CircularBufferIA80_tLm250EEixEm
                0x000000000010794c       0xc5 CMakeFiles/LudOS.dir/kern/terminal/terminal.cpp.obj
                0x000000000010794c                _ZNK14CircularBufferIA80_tLm250EEixEm

.text._ZNK6detail12TerminalImpl15current_historyEv
                0x0000000000107a12        0xc
 .text._ZNK6detail12TerminalImpl15current_historyEv
                0x0000000000107a12        0xc CMakeFiles/LudOS.dir/kern/i686/pc/devices/keyboard.cpp.obj
                0x0000000000107a12                _ZNK6detail12TerminalImpl15current_historyEv

.text._ZN8Terminal12show_historyEi
                0x0000000000107a1e       0x1c
 .text._ZN8Terminal12show_historyEi
                0x0000000000107a1e       0x1c CMakeFiles/LudOS.dir/kern/i686/pc/devices/keyboard.cpp.obj
                0x0000000000107a1e                _ZN8Terminal12show_historyEi

.text._ZN8Terminal15current_historyEv
                0x0000000000107a3a       0x17
 .text._ZN8Terminal15current_historyEv
                0x0000000000107a3a       0x17 CMakeFiles/LudOS.dir/kern/i686/pc/devices/keyboard.cpp.obj
                0x0000000000107a3a                _ZN8Terminal15current_historyEv

.text._ZN5Timer13set_frequencyEm
                0x0000000000107a51       0x38
 .text._ZN5Timer13set_frequencyEm
                0x0000000000107a51       0x38 CMakeFiles/LudOS.dir/kern/i686/pc/devices/pit.cpp.obj
                0x0000000000107a51                _ZN5Timer13set_frequencyEm

.text._ZN5Timer5sleepEm
                0x0000000000107a89       0x44
 .text._ZN5Timer5sleepEm
                0x0000000000107a89       0x44 CMakeFiles/LudOS.dir/kern/i686/pc/devices/speaker.cpp.obj
                0x0000000000107a89                _ZN5Timer5sleepEm

.text._ZN8Terminal8put_charEh
                0x0000000000107acd       0x26
 .text._ZN8Terminal8put_charEh
                0x0000000000107acd       0x26 CMakeFiles/LudOS.dir/kern/kmain.cpp.obj
                0x0000000000107acd                _ZN8Terminal8put_charEh

.text._ZN8Terminal9set_colorEh
                0x0000000000107af3       0x26
 .text._ZN8Terminal9set_colorEh
                0x0000000000107af3       0x26 CMakeFiles/LudOS.dir/kern/panic.cpp.obj
                0x0000000000107af3                _ZN8Terminal9set_colorEh

.text._Z3cliv   0x0000000000107b19        0x3
 .text._Z3cliv  0x0000000000107b19        0x3 CMakeFiles/LudOS.dir/kern/panic.cpp.obj
                0x0000000000107b19                _Z3cliv

.text._Z4haltv  0x0000000000107b1c        0x2
 .text._Z4haltv
                0x0000000000107b1c        0x2 CMakeFiles/LudOS.dir/kern/panic.cpp.obj
                0x0000000000107b1c                _Z4haltv

.text._Z7isdigitDi
                0x0000000000107b1e        0xe
 .text._Z7isdigitDi
                0x0000000000107b1e        0xe liblibc.a(atoi.cpp.obj)
                0x0000000000107b1e                _Z7isdigitDi

.rodata         0x0000000000108000     0x2bc8
                0x0000000000108000                start_ctors = .
 *(SORT(.ctors*))
 .ctors         0x0000000000108000        0x4 CMakeFiles/LudOS.dir/kern/i686/pc/cpuid.cpp.obj
 .ctors         0x0000000000108004        0x4 CMakeFiles/LudOS.dir/kern/i686/pc/fpu.cpp.obj
 .ctors         0x0000000000108008        0x4 CMakeFiles/LudOS.dir/kern/i686/pc/gdt.cpp.obj
 .ctors         0x000000000010800c        0x4 CMakeFiles/LudOS.dir/kern/i686/pc/idt.cpp.obj
 .ctors         0x0000000000108010        0x4 CMakeFiles/LudOS.dir/kern/i686/pc/paging.cpp.obj
 .ctors         0x0000000000108014        0x4 CMakeFiles/LudOS.dir/kern/i686/pc/smbios.cpp.obj
 .ctors         0x0000000000108018        0x4 CMakeFiles/LudOS.dir/kern/terminal/terminal.cpp.obj
 .ctors         0x000000000010801c        0x4 CMakeFiles/LudOS.dir/kern/multiboot/multiboot_kern.cpp.obj
 .ctors         0x0000000000108020        0x4 CMakeFiles/LudOS.dir/kern/greet.cpp.obj
 .ctors         0x0000000000108024        0x4 CMakeFiles/LudOS.dir/kern/i686/pc/devices/keyboard.cpp.obj
 .ctors         0x0000000000108028        0x4 CMakeFiles/LudOS.dir/kern/kmain.cpp.obj
 .ctors         0x000000000010802c        0x4 CMakeFiles/LudOS.dir/kern/panic.cpp.obj
 .ctors         0x0000000000108030        0x4 liblibc.a(putchar.cpp.obj)
                0x0000000000108034                end_ctors = .
                0x0000000000108034                start_dtors = .
 *(SORT(.dtors*))
                0x0000000000108034                end_dtors = .
 *(.rodata*)
 .rodata        0x0000000000108034      0x6bc CMakeFiles/LudOS.dir/kern/i686/pc/cpuid.cpp.obj
 .rodata        0x00000000001086f0       0x40 CMakeFiles/LudOS.dir/kern/i686/pc/fpu.cpp.obj
 .rodata        0x0000000000108730       0x44 CMakeFiles/LudOS.dir/kern/i686/pc/gdt.cpp.obj
 .rodata        0x0000000000108774       0x2f CMakeFiles/LudOS.dir/kern/i686/pc/idt.cpp.obj
 *fill*         0x00000000001087a3        0x1 
 .rodata        0x00000000001087a4      0x13a CMakeFiles/LudOS.dir/kern/i686/pc/isr.cpp.obj
 *fill*         0x00000000001088de        0x2 
 .rodata        0x00000000001088e0        0x4 CMakeFiles/LudOS.dir/kern/i686/pc/meminfo.cpp.obj
 .rodata        0x00000000001088e4       0x1e CMakeFiles/LudOS.dir/kern/i686/pc/paging.cpp.obj
 *fill*         0x0000000000108902       0x1e 
 .rodata        0x0000000000108920     0x1220 CMakeFiles/LudOS.dir/kern/i686/pc/smbios.cpp.obj
 .rodata        0x0000000000109b40       0x18 CMakeFiles/LudOS.dir/kern/i686/pc/timestamp.cpp.obj
 .rodata        0x0000000000109b58       0x7a CMakeFiles/LudOS.dir/kern/terminal/terminal.cpp.obj
 *fill*         0x0000000000109bd2        0x2 
 .rodata        0x0000000000109bd4       0x1f CMakeFiles/LudOS.dir/kern/cpp_runtime/pure_virtual.cpp.obj
 *fill*         0x0000000000109bf3        0x1 
 .rodata        0x0000000000109bf4        0x4 CMakeFiles/LudOS.dir/kern/bios/bda.cpp.obj
 .rodata        0x0000000000109bf8       0xb0 CMakeFiles/LudOS.dir/kern/multiboot/multiboot_kern.cpp.obj
 .rodata        0x0000000000109ca8       0xa6 CMakeFiles/LudOS.dir/kern/greet.cpp.obj
 *fill*         0x0000000000109d4e       0x12 
 .rodata        0x0000000000109d60      0x344 CMakeFiles/LudOS.dir/kern/i686/pc/devices/keyboard.cpp.obj
 .rodata        0x000000000010a0a4       0x3c CMakeFiles/LudOS.dir/kern/i686/pc/devices/pic.cpp.obj
 .rodata        0x000000000010a0e0       0x3b CMakeFiles/LudOS.dir/kern/i686/pc/devices/pit.cpp.obj
 *fill*         0x000000000010a11b        0x5 
 .rodata        0x000000000010a120      0x34a CMakeFiles/LudOS.dir/kern/kmain.cpp.obj
 *fill*         0x000000000010a46a        0x2 
 .rodata        0x000000000010a46c       0x15 CMakeFiles/LudOS.dir/kern/panic.cpp.obj
 *fill*         0x000000000010a481        0x3 
 .rodata        0x000000000010a484      0x4ca CMakeFiles/LudOS.dir/kern/ext/liballoc/liballoc.c.obj
 *fill*         0x000000000010a94e        0x2 
 .rodata        0x000000000010a950      0x1e4 liblibc.a(printf.c.obj)
 *fill*         0x000000000010ab34        0xc 
 .rodata        0x000000000010ab40       0x80 liblibc.a(itoa.cpp.obj)
 .rodata        0x000000000010abc0        0x4 liblibc.a(putchar.cpp.obj)
 .rodata        0x000000000010abc4        0x4 liblibc.a(puts.cpp.obj)
 *(.gnu.linkonce.r*)

.eh_frame       0x000000000010abc8     0x2c28
 .eh_frame      0x000000000010abc8      0x414 CMakeFiles/LudOS.dir/kern/i686/pc/cpuid.cpp.obj
 .eh_frame      0x000000000010afdc       0xb8 CMakeFiles/LudOS.dir/kern/i686/pc/fpu.cpp.obj
                                        0x170 (size before relaxing)
 .eh_frame      0x000000000010b094      0x12c CMakeFiles/LudOS.dir/kern/i686/pc/gdt.cpp.obj
                                        0x144 (size before relaxing)
 .eh_frame      0x000000000010b1c0      0x3a8 CMakeFiles/LudOS.dir/kern/i686/pc/idt.cpp.obj
                                        0x3c0 (size before relaxing)
 .eh_frame      0x000000000010b568       0xa4 CMakeFiles/LudOS.dir/kern/i686/pc/io.cpp.obj
                                         0xbc (size before relaxing)
 .eh_frame      0x000000000010b60c      0x1a0 CMakeFiles/LudOS.dir/kern/i686/pc/isr.cpp.obj
                                        0x1b8 (size before relaxing)
 .eh_frame      0x000000000010b7ac       0x80 CMakeFiles/LudOS.dir/kern/i686/pc/meminfo.cpp.obj
                                         0x98 (size before relaxing)
 .eh_frame      0x000000000010b82c       0x68 CMakeFiles/LudOS.dir/kern/i686/pc/paging.cpp.obj
                                        0x120 (size before relaxing)
 .eh_frame      0x000000000010b894      0x3b8 CMakeFiles/LudOS.dir/kern/i686/pc/smbios.cpp.obj
                                        0x484 (size before relaxing)
 .eh_frame      0x000000000010bc4c       0xa4 CMakeFiles/LudOS.dir/kern/i686/pc/timestamp.cpp.obj
                                         0xbc (size before relaxing)
 .eh_frame      0x000000000010bcf0      0x4d0 CMakeFiles/LudOS.dir/kern/terminal/terminal.cpp.obj
                                        0x4fc (size before relaxing)
 .eh_frame      0x000000000010c1c0       0x3c CMakeFiles/LudOS.dir/kern/cpp_runtime/guards.cpp.obj
                                         0x54 (size before relaxing)
 .eh_frame      0x000000000010c1fc       0x40 CMakeFiles/LudOS.dir/kern/cpp_runtime/icxxabi.cpp.obj
                                         0x58 (size before relaxing)
 .eh_frame      0x000000000010c23c       0x1c CMakeFiles/LudOS.dir/kern/cpp_runtime/pure_virtual.cpp.obj
                                         0x34 (size before relaxing)
 .eh_frame      0x000000000010c258      0x1a0 CMakeFiles/LudOS.dir/kern/bios/bda.cpp.obj
                                        0x1cc (size before relaxing)
 .eh_frame      0x000000000010c3f8       0xfc CMakeFiles/LudOS.dir/kern/multiboot/multiboot_kern.cpp.obj
                                        0x1c8 (size before relaxing)
 .eh_frame      0x000000000010c4f4       0x50 CMakeFiles/LudOS.dir/kern/ext/liballoc/liballoc_stubs.cpp.obj
                                         0x68 (size before relaxing)
 .eh_frame      0x000000000010c544       0x78 CMakeFiles/LudOS.dir/kern/greet.cpp.obj
                                         0xd4 (size before relaxing)
 .eh_frame      0x000000000010c5bc      0x2a4 CMakeFiles/LudOS.dir/kern/i686/pc/devices/keyboard.cpp.obj
                                        0x35c (size before relaxing)
 .eh_frame      0x000000000010c860      0x14c CMakeFiles/LudOS.dir/kern/i686/pc/devices/pic.cpp.obj
                                        0x164 (size before relaxing)
 .eh_frame      0x000000000010c9ac       0xf0 CMakeFiles/LudOS.dir/kern/i686/pc/devices/pit.cpp.obj
                                        0x108 (size before relaxing)
 .eh_frame      0x000000000010ca9c       0xa8 CMakeFiles/LudOS.dir/kern/i686/pc/devices/speaker.cpp.obj
                                         0xd4 (size before relaxing)
 .eh_frame      0x000000000010cb44      0x138 CMakeFiles/LudOS.dir/kern/kmain.cpp.obj
                                        0x260 (size before relaxing)
 .eh_frame      0x000000000010cc7c      0x130 CMakeFiles/LudOS.dir/kern/panic.cpp.obj
                                        0x148 (size before relaxing)
 .eh_frame      0x000000000010cdac      0x328 CMakeFiles/LudOS.dir/kern/ext/liballoc/liballoc.c.obj
                                        0x340 (size before relaxing)
 .eh_frame      0x000000000010d0d4      0x494 liblibc.a(printf.c.obj)
                                        0x4ac (size before relaxing)
 .eh_frame      0x000000000010d568       0x40 liblibc.a(atoi.cpp.obj)
                                         0x58 (size before relaxing)
 .eh_frame      0x000000000010d5a8       0x84 liblibc.a(itoa.cpp.obj)
                                         0x9c (size before relaxing)
 .eh_frame      0x000000000010d62c       0x64 liblibc.a(putchar.cpp.obj)
                                         0xa0 (size before relaxing)
 .eh_frame      0x000000000010d690       0x24 liblibc.a(puts.cpp.obj)
                                         0x3c (size before relaxing)
 .eh_frame      0x000000000010d6b4       0x18 liblibc.a(memcpy.cpp.obj)
                                         0x30 (size before relaxing)
 .eh_frame      0x000000000010d6cc       0x30 liblibc.a(memset.cpp.obj)
                                         0x48 (size before relaxing)
 .eh_frame      0x000000000010d6fc       0x18 liblibc.a(strlen.cpp.obj)
                                         0x30 (size before relaxing)
 .eh_frame      0x000000000010d714       0x84 /usr/local/cross/lib/gcc/i686-elf/7.2.0/libgcc.a(_udivdi3.o)
                                         0x9c (size before relaxing)
 .eh_frame      0x000000000010d798       0x58 /usr/local/cross/lib/gcc/i686-elf/7.2.0/libgcc.a(_umoddi3.o)
                                         0x70 (size before relaxing)

.init           0x000000000010d7f0        0x5
 .init          0x000000000010d7f0        0x3 CMakeFiles/LudOS.dir/kern/i686/pc/crti.asm.obj
                0x000000000010d7f0                _init
 .init          0x000000000010d7f3        0x2 CMakeFiles/LudOS.dir/kern/i686/pc/crtn.asm.obj

.fini           0x000000000010d7f5        0x5
 .fini          0x000000000010d7f5        0x3 CMakeFiles/LudOS.dir/kern/i686/pc/crti.asm.obj
                0x000000000010d7f5                _fini
 .fini          0x000000000010d7f8        0x2 CMakeFiles/LudOS.dir/kern/i686/pc/crtn.asm.obj

.rel.dyn        0x000000000010d7fc        0x0
 .rel.text      0x000000000010d7fc        0x0 CMakeFiles/LudOS.dir/kern/i686/pc/cpuid.cpp.obj
 .rel.text._ZZ3logPKczENUlPvcE_4_FUNES1_c
                0x000000000010d7fc        0x0 CMakeFiles/LudOS.dir/kern/i686/pc/cpuid.cpp.obj
 .rel.text._ZZ3logPKczENKUlPvcE_cvPFvS1_cEEv
                0x000000000010d7fc        0x0 CMakeFiles/LudOS.dir/kern/i686/pc/cpuid.cpp.obj
 .rel.text._Z3logPKcz
                0x000000000010d7fc        0x0 CMakeFiles/LudOS.dir/kern/i686/pc/cpuid.cpp.obj
 .rel.text._Z4dumpPK9registers
                0x000000000010d7fc        0x0 CMakeFiles/LudOS.dir/kern/i686/pc/cpuid.cpp.obj
 .rel.text._ZN8Terminal10push_colorEh
                0x000000000010d7fc        0x0 CMakeFiles/LudOS.dir/kern/i686/pc/cpuid.cpp.obj
 .rel.text._ZN8Terminal9pop_colorEv
                0x000000000010d7fc        0x0 CMakeFiles/LudOS.dir/kern/i686/pc/cpuid.cpp.obj
 .rel.text._ZZ4warnPKczENUlPvcE_4_FUNES1_c
                0x000000000010d7fc        0x0 CMakeFiles/LudOS.dir/kern/i686/pc/cpuid.cpp.obj
 .rel.text._ZZ4warnPKczENKUlPvcE_cvPFvS1_cEEv
                0x000000000010d7fc        0x0 CMakeFiles/LudOS.dir/kern/i686/pc/cpuid.cpp.obj
 .rel.text._Z4warnPKcz
                0x000000000010d7fc        0x0 CMakeFiles/LudOS.dir/kern/i686/pc/cpuid.cpp.obj
 .rel.text._ZN5Timer5ticksEv
                0x000000000010d7fc        0x0 CMakeFiles/LudOS.dir/kern/i686/pc/cpuid.cpp.obj
 .rel.text._ZN5Timer4freqEv
                0x000000000010d7fc        0x0 CMakeFiles/LudOS.dir/kern/i686/pc/cpuid.cpp.obj
 .rel.text._Z11clock_speedb
                0x000000000010d7fc        0x0 CMakeFiles/LudOS.dir/kern/i686/pc/cpuid.cpp.obj
 .rel.text._ZN14CircularBufferIA80_tLm250EEixEm
                0x000000000010d7fc        0x0 CMakeFiles/LudOS.dir/kern/i686/pc/cpuid.cpp.obj
 .rel.text._ZN14CircularBufferIA80_tLm250EE3addERA80_Kt
                0x000000000010d7fc        0x0 CMakeFiles/LudOS.dir/kern/i686/pc/cpuid.cpp.obj
 .rel.text._ZNK14CircularBufferIA80_tLm250EEixEm
                0x000000000010d7fc        0x0 CMakeFiles/LudOS.dir/kern/i686/pc/cpuid.cpp.obj
 .rel.text._ZN8Terminal12show_historyEi
                0x000000000010d7fc        0x0 CMakeFiles/LudOS.dir/kern/i686/pc/cpuid.cpp.obj
 .rel.text._ZN8Terminal15current_historyEv
                0x000000000010d7fc        0x0 CMakeFiles/LudOS.dir/kern/i686/pc/cpuid.cpp.obj
 .rel.text._ZN5Timer13set_frequencyEm
                0x000000000010d7fc        0x0 CMakeFiles/LudOS.dir/kern/i686/pc/cpuid.cpp.obj
 .rel.text._ZN5Timer5sleepEm
                0x000000000010d7fc        0x0 CMakeFiles/LudOS.dir/kern/i686/pc/cpuid.cpp.obj
 .rel.text._ZN8Terminal8put_charEh
                0x000000000010d7fc        0x0 CMakeFiles/LudOS.dir/kern/i686/pc/cpuid.cpp.obj
 .rel.text._ZN8Terminal9set_colorEh
                0x000000000010d7fc        0x0 CMakeFiles/LudOS.dir/kern/i686/pc/cpuid.cpp.obj

.data           0x000000000010e000     0x2008
                0x000000000010e000                data_seg = .
 *(.data)
 .data          0x000000000010e000       0xc0 CMakeFiles/LudOS.dir/kern/i686/pc/cpuid.cpp.obj
                0x000000000010e000                Intel
                0x000000000010e060                Intel_Other
 .data          0x000000000010e0c0        0x0 CMakeFiles/LudOS.dir/kern/i686/pc/fpu.cpp.obj
 .data          0x000000000010e0c0        0x0 CMakeFiles/LudOS.dir/kern/i686/pc/gdt.cpp.obj
 .data          0x000000000010e0c0        0x0 CMakeFiles/LudOS.dir/kern/i686/pc/idt.cpp.obj
 .data          0x000000000010e0c0        0x0 CMakeFiles/LudOS.dir/kern/i686/pc/io.cpp.obj
 .data          0x000000000010e0c0        0x0 CMakeFiles/LudOS.dir/kern/i686/pc/isr.cpp.obj
 .data          0x000000000010e0c0        0x0 CMakeFiles/LudOS.dir/kern/i686/pc/meminfo.cpp.obj
 .data          0x000000000010e0c0        0x0 CMakeFiles/LudOS.dir/kern/i686/pc/paging.cpp.obj
 .data          0x000000000010e0c0        0x0 CMakeFiles/LudOS.dir/kern/i686/pc/smbios.cpp.obj
 .data          0x000000000010e0c0        0x0 CMakeFiles/LudOS.dir/kern/i686/pc/timestamp.cpp.obj
 .data          0x000000000010e0c0        0x0 CMakeFiles/LudOS.dir/kern/i686/pc/tss.cpp.obj
 *fill*         0x000000000010e0c0      0xf40 
 .data          0x000000000010f000     0x1000 CMakeFiles/LudOS.dir/kern/i686/pc/bootsect.asm.obj
                0x000000000010f000                BootPageDirectory
 .data          0x0000000000110000        0x0 CMakeFiles/LudOS.dir/kern/terminal/terminal.cpp.obj
 .data          0x0000000000110000        0x0 CMakeFiles/LudOS.dir/kern/cpp_runtime/guards.cpp.obj
 .data          0x0000000000110000        0x0 CMakeFiles/LudOS.dir/kern/cpp_runtime/icxxabi.cpp.obj
 .data          0x0000000000110000        0x0 CMakeFiles/LudOS.dir/kern/cpp_runtime/pure_virtual.cpp.obj
 .data          0x0000000000110000        0x0 CMakeFiles/LudOS.dir/kern/bios/bda.cpp.obj
 .data          0x0000000000110000        0x0 CMakeFiles/LudOS.dir/kern/multiboot/multiboot_kern.cpp.obj
 .data          0x0000000000110000        0x0 CMakeFiles/LudOS.dir/kern/ext/liballoc/liballoc_stubs.cpp.obj
 .data          0x0000000000110000        0x0 CMakeFiles/LudOS.dir/kern/greet.cpp.obj
 .data          0x0000000000110000        0x0 CMakeFiles/LudOS.dir/kern/i686/pc/devices/keyboard.cpp.obj
 .data          0x0000000000110000        0x0 CMakeFiles/LudOS.dir/kern/i686/pc/devices/pic.cpp.obj
 .data          0x0000000000110000        0x0 CMakeFiles/LudOS.dir/kern/i686/pc/devices/pit.cpp.obj
 .data          0x0000000000110000        0x0 CMakeFiles/LudOS.dir/kern/i686/pc/devices/speaker.cpp.obj
 .data          0x0000000000110000        0x0 CMakeFiles/LudOS.dir/kern/kmain.cpp.obj
 .data          0x0000000000110000        0x0 CMakeFiles/LudOS.dir/kern/panic.cpp.obj
 .data          0x0000000000110000        0x8 CMakeFiles/LudOS.dir/kern/ext/liballoc/liballoc.c.obj
 .data          0x0000000000110008        0x0 liblibc.a(printf.c.obj)
 .data          0x0000000000110008        0x0 liblibc.a(atoi.cpp.obj)
 .data          0x0000000000110008        0x0 liblibc.a(itoa.cpp.obj)
 .data          0x0000000000110008        0x0 liblibc.a(putchar.cpp.obj)
 .data          0x0000000000110008        0x0 liblibc.a(puts.cpp.obj)
 .data          0x0000000000110008        0x0 liblibc.a(memcpy.cpp.obj)
 .data          0x0000000000110008        0x0 liblibc.a(memset.cpp.obj)
 .data          0x0000000000110008        0x0 liblibc.a(strlen.cpp.obj)
 .data          0x0000000000110008        0x0 /usr/local/cross/lib/gcc/i686-elf/7.2.0/libgcc.a(_udivdi3.o)
 .data          0x0000000000110008        0x0 /usr/local/cross/lib/gcc/i686-elf/7.2.0/libgcc.a(_umoddi3.o)
 *(.gnu.linkonce.d*)
                0x0000000000110008                _load_end = .

.data._ZN8Keyboard6kbdmapE
                0x0000000000110008        0x4
 .data._ZN8Keyboard6kbdmapE
                0x0000000000110008        0x4 CMakeFiles/LudOS.dir/kern/i686/pc/devices/keyboard.cpp.obj
                0x0000000000110008                _ZN8Keyboard6kbdmapE

.bss            0x0000000000110020     0x5340
                0x0000000000110020                _bss_start = .
 *(COMMON)
 *(.bss)
 .bss           0x0000000000110020        0x0 CMakeFiles/LudOS.dir/kern/i686/pc/cpuid.cpp.obj
 .bss           0x0000000000110020        0x0 CMakeFiles/LudOS.dir/kern/i686/pc/fpu.cpp.obj
 .bss           0x0000000000110020       0x36 CMakeFiles/LudOS.dir/kern/i686/pc/gdt.cpp.obj
                0x0000000000110020                _ZN3gdt7entriesE
                0x0000000000110050                _ZN3gdt7gdt_ptrE
 *fill*         0x0000000000110056        0xa 
 .bss           0x0000000000110060      0x806 CMakeFiles/LudOS.dir/kern/i686/pc/idt.cpp.obj
                0x0000000000110060                _ZN3idt11idt_entriesE
                0x0000000000110860                _ZN3idt7idt_ptrE
 .bss           0x0000000000110866        0x0 CMakeFiles/LudOS.dir/kern/i686/pc/io.cpp.obj
 *fill*         0x0000000000110866       0x1a 
 .bss           0x0000000000110880      0x400 CMakeFiles/LudOS.dir/kern/i686/pc/isr.cpp.obj
                0x0000000000110880                handlers
 .bss           0x0000000000110c80        0x0 CMakeFiles/LudOS.dir/kern/i686/pc/meminfo.cpp.obj
 .bss           0x0000000000110c80        0x0 CMakeFiles/LudOS.dir/kern/i686/pc/paging.cpp.obj
 .bss           0x0000000000110c80        0x0 CMakeFiles/LudOS.dir/kern/i686/pc/smbios.cpp.obj
 .bss           0x0000000000110c80       0x10 CMakeFiles/LudOS.dir/kern/i686/pc/timestamp.cpp.obj
 *fill*         0x0000000000110c90       0x10 
 .bss           0x0000000000110ca0       0x68 CMakeFiles/LudOS.dir/kern/i686/pc/tss.cpp.obj
                0x0000000000110ca0                tss
 .bss           0x0000000000110d08     0x4008 CMakeFiles/LudOS.dir/kern/i686/pc/bootsect.asm.obj
 .bss           0x0000000000114d10        0x0 CMakeFiles/LudOS.dir/kern/terminal/terminal.cpp.obj
 .bss           0x0000000000114d10        0x0 CMakeFiles/LudOS.dir/kern/cpp_runtime/guards.cpp.obj
 *fill*         0x0000000000114d10       0x10 
 .bss           0x0000000000114d20      0x604 CMakeFiles/LudOS.dir/kern/cpp_runtime/icxxabi.cpp.obj
                0x0000000000114d20                __atexit_funcs
                0x0000000000115320                __atexit_func_count
 .bss           0x0000000000115324        0x0 CMakeFiles/LudOS.dir/kern/cpp_runtime/pure_virtual.cpp.obj
 .bss           0x0000000000115324        0x0 CMakeFiles/LudOS.dir/kern/bios/bda.cpp.obj
 .bss           0x0000000000115324        0x0 CMakeFiles/LudOS.dir/kern/multiboot/multiboot_kern.cpp.obj
 .bss           0x0000000000115324        0x4 CMakeFiles/LudOS.dir/kern/ext/liballoc/liballoc_stubs.cpp.obj
                0x0000000000115324                liballoc_lockLocked
 .bss           0x0000000000115328        0x0 CMakeFiles/LudOS.dir/kern/greet.cpp.obj
 .bss           0x0000000000115328        0x0 CMakeFiles/LudOS.dir/kern/i686/pc/devices/keyboard.cpp.obj
 .bss           0x0000000000115328        0x0 CMakeFiles/LudOS.dir/kern/i686/pc/devices/pic.cpp.obj
 .bss           0x0000000000115328        0x0 CMakeFiles/LudOS.dir/kern/i686/pc/devices/pit.cpp.obj
 .bss           0x0000000000115328        0x0 CMakeFiles/LudOS.dir/kern/i686/pc/devices/speaker.cpp.obj
 .bss           0x0000000000115328        0x0 CMakeFiles/LudOS.dir/kern/kmain.cpp.obj
 .bss           0x0000000000115328        0x0 CMakeFiles/LudOS.dir/kern/panic.cpp.obj
 .bss           0x0000000000115328       0x30 CMakeFiles/LudOS.dir/kern/ext/liballoc/liballoc.c.obj
 .bss           0x0000000000115358        0x8 liblibc.a(printf.c.obj)
 .bss           0x0000000000115360        0x0 liblibc.a(atoi.cpp.obj)
 .bss           0x0000000000115360        0x0 liblibc.a(itoa.cpp.obj)
 .bss           0x0000000000115360        0x0 liblibc.a(putchar.cpp.obj)
 .bss           0x0000000000115360        0x0 liblibc.a(puts.cpp.obj)
 .bss           0x0000000000115360        0x0 liblibc.a(memcpy.cpp.obj)
 .bss           0x0000000000115360        0x0 liblibc.a(memset.cpp.obj)
 .bss           0x0000000000115360        0x0 liblibc.a(strlen.cpp.obj)
 .bss           0x0000000000115360        0x0 /usr/local/cross/lib/gcc/i686-elf/7.2.0/libgcc.a(_udivdi3.o)
 .bss           0x0000000000115360        0x0 /usr/local/cross/lib/gcc/i686-elf/7.2.0/libgcc.a(_umoddi3.o)
 *(.gnu.linkonce.b*)
                0x0000000000115360                _bss_end = .
                0x0000000000115360                kernel_virtual_end = .
                0x0000000000115360                kernel_physical_end = .

.bss._ZN8Terminal4implE
                0x0000000000115360     0x9c5c
 .bss._ZN8Terminal4implE
                0x0000000000115360     0x9c5c CMakeFiles/LudOS.dir/kern/i686/pc/cpuid.cpp.obj
                0x0000000000115360                _ZN8Terminal4implE

.bss._ZGVN8Terminal4implE
                0x000000000011efc0        0x8
 .bss._ZGVN8Terminal4implE
                0x000000000011efc0        0x8 CMakeFiles/LudOS.dir/kern/i686/pc/cpuid.cpp.obj
                0x000000000011efc0                _ZGVN8Terminal4implE

.bss._ZN7Meminfo9mmap_addrE
                0x000000000011efc8        0x4
 .bss._ZN7Meminfo9mmap_addrE
                0x000000000011efc8        0x4 CMakeFiles/LudOS.dir/kern/i686/pc/meminfo.cpp.obj
                0x000000000011efc8                _ZN7Meminfo9mmap_addrE

.bss._ZN7Meminfo4infoE
                0x000000000011efcc        0x4
 .bss._ZN7Meminfo4infoE
                0x000000000011efcc        0x4 CMakeFiles/LudOS.dir/kern/i686/pc/meminfo.cpp.obj
                0x000000000011efcc                _ZN7Meminfo4infoE

.bss._ZN6SMBIOS11entry_pointE
                0x000000000011efd0        0x4
 .bss._ZN6SMBIOS11entry_pointE
                0x000000000011efd0        0x4 CMakeFiles/LudOS.dir/kern/i686/pc/smbios.cpp.obj
                0x000000000011efd0                _ZN6SMBIOS11entry_pointE

.bss._ZN5Timer7m_ticksE
                0x000000000011efd4        0x4
 .bss._ZN5Timer7m_ticksE
                0x000000000011efd4        0x4 CMakeFiles/LudOS.dir/kern/i686/pc/timestamp.cpp.obj
                0x000000000011efd4                _ZN5Timer7m_ticksE

.bss._ZN5Timer6m_freqE
                0x000000000011efd8        0x4
 .bss._ZN5Timer6m_freqE
                0x000000000011efd8        0x4 CMakeFiles/LudOS.dir/kern/i686/pc/timestamp.cpp.obj
                0x000000000011efd8                _ZN5Timer6m_freqE

.bss._ZZ11clock_speedbE5speed
                0x000000000011efe0        0x8
 .bss._ZZ11clock_speedbE5speed
                0x000000000011efe0        0x8 CMakeFiles/LudOS.dir/kern/i686/pc/timestamp.cpp.obj
                0x000000000011efe0                _ZZ11clock_speedbE5speed

.bss._ZZ11clock_speedbE8computed
                0x000000000011efe8        0x1
 .bss._ZZ11clock_speedbE8computed
                0x000000000011efe8        0x1 CMakeFiles/LudOS.dir/kern/i686/pc/timestamp.cpp.obj
                0x000000000011efe8                _ZZ11clock_speedbE8computed

.bss._ZN8Keyboard11handle_charE
                0x000000000011efec        0x4
 .bss._ZN8Keyboard11handle_charE
                0x000000000011efec        0x4 CMakeFiles/LudOS.dir/kern/i686/pc/devices/keyboard.cpp.obj
                0x000000000011efec                _ZN8Keyboard11handle_charE

.bss._ZN8Keyboard9kbd_eventE
                0x000000000011eff0        0x4
 .bss._ZN8Keyboard9kbd_eventE
                0x000000000011eff0        0x4 CMakeFiles/LudOS.dir/kern/i686/pc/devices/keyboard.cpp.obj
                0x000000000011eff0                _ZN8Keyboard9kbd_eventE

.bss._ZN8Keyboard8handlersE
                0x000000000011f000      0x400
 .bss._ZN8Keyboard8handlersE
                0x000000000011f000      0x400 CMakeFiles/LudOS.dir/kern/i686/pc/devices/keyboard.cpp.obj
                0x000000000011f000                _ZN8Keyboard8handlersE

.bss._ZN8Keyboard6lshiftE
                0x000000000011f400        0x1
 .bss._ZN8Keyboard6lshiftE
                0x000000000011f400        0x1 CMakeFiles/LudOS.dir/kern/i686/pc/devices/keyboard.cpp.obj
                0x000000000011f400                _ZN8Keyboard6lshiftE

.bss._ZN8Keyboard6rshiftE
                0x000000000011f401        0x1
 .bss._ZN8Keyboard6rshiftE
                0x000000000011f401        0x1 CMakeFiles/LudOS.dir/kern/i686/pc/devices/keyboard.cpp.obj
                0x000000000011f401                _ZN8Keyboard6rshiftE

.bss._ZN8Keyboard4ctrlE
                0x000000000011f402        0x1
 .bss._ZN8Keyboard4ctrlE
                0x000000000011f402        0x1 CMakeFiles/LudOS.dir/kern/i686/pc/devices/keyboard.cpp.obj
                0x000000000011f402                _ZN8Keyboard4ctrlE

.bss._ZN8Keyboard3altE
                0x000000000011f403        0x1
 .bss._ZN8Keyboard3altE
                0x000000000011f403        0x1 CMakeFiles/LudOS.dir/kern/i686/pc/devices/keyboard.cpp.obj
                0x000000000011f403                _ZN8Keyboard3altE

.bss._ZN8Keyboard9caps_lockE
                0x000000000011f404        0x1
 .bss._ZN8Keyboard9caps_lockE
                0x000000000011f404        0x1 CMakeFiles/LudOS.dir/kern/i686/pc/devices/keyboard.cpp.obj
                0x000000000011f404                _ZN8Keyboard9caps_lockE

.bss._ZN8Keyboard11scroll_lockE
                0x000000000011f405        0x1
 .bss._ZN8Keyboard11scroll_lockE
                0x000000000011f405        0x1 CMakeFiles/LudOS.dir/kern/i686/pc/devices/keyboard.cpp.obj
                0x000000000011f405                _ZN8Keyboard11scroll_lockE

.bss._ZN8Keyboard8num_lockE
                0x000000000011f406        0x1
 .bss._ZN8Keyboard8num_lockE
                0x000000000011f406        0x1 CMakeFiles/LudOS.dir/kern/i686/pc/devices/keyboard.cpp.obj
                0x000000000011f406                _ZN8Keyboard8num_lockE

.bss._ZN8Keyboard4ledsE
                0x000000000011f407        0x1
 .bss._ZN8Keyboard4ledsE
                0x000000000011f407        0x1 CMakeFiles/LudOS.dir/kern/i686/pc/devices/keyboard.cpp.obj
                0x000000000011f407                _ZN8Keyboard4ledsE

.bss._ZN5Timer24m_set_frequency_callbackE
                0x000000000011f408        0x4
 .bss._ZN5Timer24m_set_frequency_callbackE
                0x000000000011f408        0x4 CMakeFiles/LudOS.dir/kern/i686/pc/devices/pit.cpp.obj
                0x000000000011f408                _ZN5Timer24m_set_frequency_callbackE
                0x0000000000120000                . = ALIGN (0x1000)
                0x0000000000120000                page_directory = .
                0x0000000000121000                page_table_0 = (page_directory + 0x1000)

/DISCARD/
 *(.comment)
OUTPUT(bin/LudOS.bin elf32-i386)

.debug_info     0x0000000000000000     0xe536
 .debug_info    0x0000000000000000      0xb07 CMakeFiles/LudOS.dir/kern/i686/pc/cpuid.cpp.obj
 .debug_info    0x0000000000000b07      0x919 CMakeFiles/LudOS.dir/kern/i686/pc/fpu.cpp.obj
 .debug_info    0x0000000000001420      0xab9 CMakeFiles/LudOS.dir/kern/i686/pc/gdt.cpp.obj
 .debug_info    0x0000000000001ed9      0x8d4 CMakeFiles/LudOS.dir/kern/i686/pc/idt.cpp.obj
 .debug_info    0x00000000000027ad      0x201 CMakeFiles/LudOS.dir/kern/i686/pc/io.cpp.obj
 .debug_info    0x00000000000029ae      0x356 CMakeFiles/LudOS.dir/kern/i686/pc/isr.cpp.obj
 .debug_info    0x0000000000002d04      0x52d CMakeFiles/LudOS.dir/kern/i686/pc/meminfo.cpp.obj
 .debug_info    0x0000000000003231      0xd59 CMakeFiles/LudOS.dir/kern/i686/pc/paging.cpp.obj
 .debug_info    0x0000000000003f8a      0xfd2 CMakeFiles/LudOS.dir/kern/i686/pc/smbios.cpp.obj
 .debug_info    0x0000000000004f5c      0x275 CMakeFiles/LudOS.dir/kern/i686/pc/timestamp.cpp.obj
 .debug_info    0x00000000000051d1      0x218 CMakeFiles/LudOS.dir/kern/i686/pc/tss.cpp.obj
 .debug_info    0x00000000000053e9      0xd85 CMakeFiles/LudOS.dir/kern/terminal/terminal.cpp.obj
 .debug_info    0x000000000000616e       0xdc CMakeFiles/LudOS.dir/kern/cpp_runtime/guards.cpp.obj
 .debug_info    0x000000000000624a      0x12c CMakeFiles/LudOS.dir/kern/cpp_runtime/icxxabi.cpp.obj
 .debug_info    0x0000000000006376       0x37 CMakeFiles/LudOS.dir/kern/cpp_runtime/pure_virtual.cpp.obj
 .debug_info    0x00000000000063ad      0x276 CMakeFiles/LudOS.dir/kern/bios/bda.cpp.obj
 .debug_info    0x0000000000006623      0xda1 CMakeFiles/LudOS.dir/kern/multiboot/multiboot_kern.cpp.obj
 .debug_info    0x00000000000073c4      0x229 CMakeFiles/LudOS.dir/kern/ext/liballoc/liballoc_stubs.cpp.obj
 .debug_info    0x00000000000075ed      0x76f CMakeFiles/LudOS.dir/kern/greet.cpp.obj
 .debug_info    0x0000000000007d5c      0xf6b CMakeFiles/LudOS.dir/kern/i686/pc/devices/keyboard.cpp.obj
 .debug_info    0x0000000000008cc7      0x19f CMakeFiles/LudOS.dir/kern/i686/pc/devices/pic.cpp.obj
 .debug_info    0x0000000000008e66      0x398 CMakeFiles/LudOS.dir/kern/i686/pc/devices/pit.cpp.obj
 .debug_info    0x00000000000091fe      0x267 CMakeFiles/LudOS.dir/kern/i686/pc/devices/speaker.cpp.obj
 .debug_info    0x0000000000009465     0x179c CMakeFiles/LudOS.dir/kern/kmain.cpp.obj
 .debug_info    0x000000000000ac01      0x8a2 CMakeFiles/LudOS.dir/kern/panic.cpp.obj
 .debug_info    0x000000000000b4a3      0x591 CMakeFiles/LudOS.dir/kern/ext/liballoc/liballoc.c.obj
 .debug_info    0x000000000000ba34      0x859 liblibc.a(printf.c.obj)
 .debug_info    0x000000000000c28d       0xc0 liblibc.a(atoi.cpp.obj)
 .debug_info    0x000000000000c34d      0x1f8 liblibc.a(itoa.cpp.obj)
 .debug_info    0x000000000000c545      0x76b liblibc.a(putchar.cpp.obj)
 .debug_info    0x000000000000ccb0       0xb5 liblibc.a(puts.cpp.obj)
 .debug_info    0x000000000000cd65      0x124 liblibc.a(memcpy.cpp.obj)
 .debug_info    0x000000000000ce89      0x173 liblibc.a(memset.cpp.obj)
 .debug_info    0x000000000000cffc       0xd2 liblibc.a(strlen.cpp.obj)
 .debug_info    0x000000000000d0ce      0xa2b /usr/local/cross/lib/gcc/i686-elf/7.2.0/libgcc.a(_udivdi3.o)
 .debug_info    0x000000000000daf9      0xa3d /usr/local/cross/lib/gcc/i686-elf/7.2.0/libgcc.a(_umoddi3.o)

.debug_abbrev   0x0000000000000000     0x4bd6
 .debug_abbrev  0x0000000000000000      0x410 CMakeFiles/LudOS.dir/kern/i686/pc/cpuid.cpp.obj
 .debug_abbrev  0x0000000000000410      0x3c1 CMakeFiles/LudOS.dir/kern/i686/pc/fpu.cpp.obj
 .debug_abbrev  0x00000000000007d1      0x360 CMakeFiles/LudOS.dir/kern/i686/pc/gdt.cpp.obj
 .debug_abbrev  0x0000000000000b31      0x362 CMakeFiles/LudOS.dir/kern/i686/pc/idt.cpp.obj
 .debug_abbrev  0x0000000000000e93       0xd1 CMakeFiles/LudOS.dir/kern/i686/pc/io.cpp.obj
 .debug_abbrev  0x0000000000000f64      0x18b CMakeFiles/LudOS.dir/kern/i686/pc/isr.cpp.obj
 .debug_abbrev  0x00000000000010ef      0x192 CMakeFiles/LudOS.dir/kern/i686/pc/meminfo.cpp.obj
 .debug_abbrev  0x0000000000001281      0x461 CMakeFiles/LudOS.dir/kern/i686/pc/paging.cpp.obj
 .debug_abbrev  0x00000000000016e2      0x4c2 CMakeFiles/LudOS.dir/kern/i686/pc/smbios.cpp.obj
 .debug_abbrev  0x0000000000001ba4      0x142 CMakeFiles/LudOS.dir/kern/i686/pc/timestamp.cpp.obj
 .debug_abbrev  0x0000000000001ce6       0x6d CMakeFiles/LudOS.dir/kern/i686/pc/tss.cpp.obj
 .debug_abbrev  0x0000000000001d53      0x3d4 CMakeFiles/LudOS.dir/kern/terminal/terminal.cpp.obj
 .debug_abbrev  0x0000000000002127       0xb0 CMakeFiles/LudOS.dir/kern/cpp_runtime/guards.cpp.obj
 .debug_abbrev  0x00000000000021d7       0xf5 CMakeFiles/LudOS.dir/kern/cpp_runtime/icxxabi.cpp.obj
 .debug_abbrev  0x00000000000022cc       0x2a CMakeFiles/LudOS.dir/kern/cpp_runtime/pure_virtual.cpp.obj
 .debug_abbrev  0x00000000000022f6       0xb8 CMakeFiles/LudOS.dir/kern/bios/bda.cpp.obj
 .debug_abbrev  0x00000000000023ae      0x422 CMakeFiles/LudOS.dir/kern/multiboot/multiboot_kern.cpp.obj
 .debug_abbrev  0x00000000000027d0      0x170 CMakeFiles/LudOS.dir/kern/ext/liballoc/liballoc_stubs.cpp.obj
 .debug_abbrev  0x0000000000002940      0x2a5 CMakeFiles/LudOS.dir/kern/greet.cpp.obj
 .debug_abbrev  0x0000000000002be5      0x4c5 CMakeFiles/LudOS.dir/kern/i686/pc/devices/keyboard.cpp.obj
 .debug_abbrev  0x00000000000030aa       0xb6 CMakeFiles/LudOS.dir/kern/i686/pc/devices/pic.cpp.obj
 .debug_abbrev  0x0000000000003160      0x17f CMakeFiles/LudOS.dir/kern/i686/pc/devices/pit.cpp.obj
 .debug_abbrev  0x00000000000032df      0x13c CMakeFiles/LudOS.dir/kern/i686/pc/devices/speaker.cpp.obj
 .debug_abbrev  0x000000000000341b      0x5cf CMakeFiles/LudOS.dir/kern/kmain.cpp.obj
 .debug_abbrev  0x00000000000039ea      0x37f CMakeFiles/LudOS.dir/kern/panic.cpp.obj
 .debug_abbrev  0x0000000000003d69      0x1ac CMakeFiles/LudOS.dir/kern/ext/liballoc/liballoc.c.obj
 .debug_abbrev  0x0000000000003f15      0x28b liblibc.a(printf.c.obj)
 .debug_abbrev  0x00000000000041a0       0x8e liblibc.a(atoi.cpp.obj)
 .debug_abbrev  0x000000000000422e       0xce liblibc.a(itoa.cpp.obj)
 .debug_abbrev  0x00000000000042fc      0x2a4 liblibc.a(putchar.cpp.obj)
 .debug_abbrev  0x00000000000045a0       0x68 liblibc.a(puts.cpp.obj)
 .debug_abbrev  0x0000000000004608       0xa2 liblibc.a(memcpy.cpp.obj)
 .debug_abbrev  0x00000000000046aa       0x8f liblibc.a(memset.cpp.obj)
 .debug_abbrev  0x0000000000004739       0x86 liblibc.a(strlen.cpp.obj)
 .debug_abbrev  0x00000000000047bf      0x203 /usr/local/cross/lib/gcc/i686-elf/7.2.0/libgcc.a(_udivdi3.o)
 .debug_abbrev  0x00000000000049c2      0x214 /usr/local/cross/lib/gcc/i686-elf/7.2.0/libgcc.a(_umoddi3.o)

.debug_aranges  0x0000000000000000      0x6f0
 .debug_aranges
                0x0000000000000000       0x40 CMakeFiles/LudOS.dir/kern/i686/pc/cpuid.cpp.obj
 .debug_aranges
                0x0000000000000040       0x48 CMakeFiles/LudOS.dir/kern/i686/pc/fpu.cpp.obj
 .debug_aranges
                0x0000000000000088       0x28 CMakeFiles/LudOS.dir/kern/i686/pc/gdt.cpp.obj
 .debug_aranges
                0x00000000000000b0       0x30 CMakeFiles/LudOS.dir/kern/i686/pc/idt.cpp.obj
 .debug_aranges
                0x00000000000000e0       0x20 CMakeFiles/LudOS.dir/kern/i686/pc/io.cpp.obj
 .debug_aranges
                0x0000000000000100       0x48 CMakeFiles/LudOS.dir/kern/i686/pc/isr.cpp.obj
 .debug_aranges
                0x0000000000000148       0x28 CMakeFiles/LudOS.dir/kern/i686/pc/meminfo.cpp.obj
 .debug_aranges
                0x0000000000000170       0x40 CMakeFiles/LudOS.dir/kern/i686/pc/paging.cpp.obj
 .debug_aranges
                0x00000000000001b0       0x88 CMakeFiles/LudOS.dir/kern/i686/pc/smbios.cpp.obj
 .debug_aranges
                0x0000000000000238       0x40 CMakeFiles/LudOS.dir/kern/i686/pc/timestamp.cpp.obj
 .debug_aranges
                0x0000000000000278       0x18 CMakeFiles/LudOS.dir/kern/i686/pc/tss.cpp.obj
 .debug_aranges
                0x0000000000000290       0x60 CMakeFiles/LudOS.dir/kern/terminal/terminal.cpp.obj
 .debug_aranges
                0x00000000000002f0       0x20 CMakeFiles/LudOS.dir/kern/cpp_runtime/guards.cpp.obj
 .debug_aranges
                0x0000000000000310       0x20 CMakeFiles/LudOS.dir/kern/cpp_runtime/icxxabi.cpp.obj
 .debug_aranges
                0x0000000000000330       0x20 CMakeFiles/LudOS.dir/kern/cpp_runtime/pure_virtual.cpp.obj
 .debug_aranges
                0x0000000000000350       0x28 CMakeFiles/LudOS.dir/kern/bios/bda.cpp.obj
 .debug_aranges
                0x0000000000000378       0x48 CMakeFiles/LudOS.dir/kern/multiboot/multiboot_kern.cpp.obj
 .debug_aranges
                0x00000000000003c0       0x20 CMakeFiles/LudOS.dir/kern/ext/liballoc/liballoc_stubs.cpp.obj
 .debug_aranges
                0x00000000000003e0       0x30 CMakeFiles/LudOS.dir/kern/greet.cpp.obj
 .debug_aranges
                0x0000000000000410       0x58 CMakeFiles/LudOS.dir/kern/i686/pc/devices/keyboard.cpp.obj
 .debug_aranges
                0x0000000000000468       0x20 CMakeFiles/LudOS.dir/kern/i686/pc/devices/pic.cpp.obj
 .debug_aranges
                0x0000000000000488       0x28 CMakeFiles/LudOS.dir/kern/i686/pc/devices/pit.cpp.obj
 .debug_aranges
                0x00000000000004b0       0x30 CMakeFiles/LudOS.dir/kern/i686/pc/devices/speaker.cpp.obj
 .debug_aranges
                0x00000000000004e0       0x68 CMakeFiles/LudOS.dir/kern/kmain.cpp.obj
 .debug_aranges
                0x0000000000000548       0x38 CMakeFiles/LudOS.dir/kern/panic.cpp.obj
 .debug_aranges
                0x0000000000000580       0x20 CMakeFiles/LudOS.dir/kern/ext/liballoc/liballoc.c.obj
 .debug_aranges
                0x00000000000005a0       0x20 liblibc.a(printf.c.obj)
 .debug_aranges
                0x00000000000005c0       0x28 liblibc.a(atoi.cpp.obj)
 .debug_aranges
                0x00000000000005e8       0x20 liblibc.a(itoa.cpp.obj)
 .debug_aranges
                0x0000000000000608       0x28 liblibc.a(putchar.cpp.obj)
 .debug_aranges
                0x0000000000000630       0x20 liblibc.a(puts.cpp.obj)
 .debug_aranges
                0x0000000000000650       0x20 liblibc.a(memcpy.cpp.obj)
 .debug_aranges
                0x0000000000000670       0x20 liblibc.a(memset.cpp.obj)
 .debug_aranges
                0x0000000000000690       0x20 liblibc.a(strlen.cpp.obj)
 .debug_aranges
                0x00000000000006b0       0x20 /usr/local/cross/lib/gcc/i686-elf/7.2.0/libgcc.a(_udivdi3.o)
 .debug_aranges
                0x00000000000006d0       0x20 /usr/local/cross/lib/gcc/i686-elf/7.2.0/libgcc.a(_umoddi3.o)

.debug_ranges   0x0000000000000000      0x468
 .debug_ranges  0x0000000000000000       0x30 CMakeFiles/LudOS.dir/kern/i686/pc/cpuid.cpp.obj
 .debug_ranges  0x0000000000000030       0x38 CMakeFiles/LudOS.dir/kern/i686/pc/fpu.cpp.obj
 .debug_ranges  0x0000000000000068       0x18 CMakeFiles/LudOS.dir/kern/i686/pc/gdt.cpp.obj
 .debug_ranges  0x0000000000000080       0x20 CMakeFiles/LudOS.dir/kern/i686/pc/idt.cpp.obj
 .debug_ranges  0x00000000000000a0       0x38 CMakeFiles/LudOS.dir/kern/i686/pc/isr.cpp.obj
 .debug_ranges  0x00000000000000d8       0x18 CMakeFiles/LudOS.dir/kern/i686/pc/meminfo.cpp.obj
 .debug_ranges  0x00000000000000f0       0x30 CMakeFiles/LudOS.dir/kern/i686/pc/paging.cpp.obj
 .debug_ranges  0x0000000000000120       0xa8 CMakeFiles/LudOS.dir/kern/i686/pc/smbios.cpp.obj
 .debug_ranges  0x00000000000001c8       0x30 CMakeFiles/LudOS.dir/kern/i686/pc/timestamp.cpp.obj
 .debug_ranges  0x00000000000001f8       0x50 CMakeFiles/LudOS.dir/kern/terminal/terminal.cpp.obj
 .debug_ranges  0x0000000000000248       0x18 CMakeFiles/LudOS.dir/kern/bios/bda.cpp.obj
 .debug_ranges  0x0000000000000260       0x38 CMakeFiles/LudOS.dir/kern/multiboot/multiboot_kern.cpp.obj
 .debug_ranges  0x0000000000000298       0x20 CMakeFiles/LudOS.dir/kern/greet.cpp.obj
 .debug_ranges  0x00000000000002b8       0x48 CMakeFiles/LudOS.dir/kern/i686/pc/devices/keyboard.cpp.obj
 .debug_ranges  0x0000000000000300       0x18 CMakeFiles/LudOS.dir/kern/i686/pc/devices/pit.cpp.obj
 .debug_ranges  0x0000000000000318       0x20 CMakeFiles/LudOS.dir/kern/i686/pc/devices/speaker.cpp.obj
 .debug_ranges  0x0000000000000338       0x58 CMakeFiles/LudOS.dir/kern/kmain.cpp.obj
 .debug_ranges  0x0000000000000390       0x28 CMakeFiles/LudOS.dir/kern/panic.cpp.obj
 .debug_ranges  0x00000000000003b8       0x18 liblibc.a(printf.c.obj)
 .debug_ranges  0x00000000000003d0       0x18 liblibc.a(atoi.cpp.obj)
 .debug_ranges  0x00000000000003e8       0x18 liblibc.a(putchar.cpp.obj)
 .debug_ranges  0x0000000000000400       0x48 /usr/local/cross/lib/gcc/i686-elf/7.2.0/libgcc.a(_udivdi3.o)
 .debug_ranges  0x0000000000000448       0x20 /usr/local/cross/lib/gcc/i686-elf/7.2.0/libgcc.a(_umoddi3.o)

.debug_line     0x0000000000000000     0x383c
 .debug_line    0x0000000000000000      0x2d5 CMakeFiles/LudOS.dir/kern/i686/pc/cpuid.cpp.obj
 .debug_line    0x00000000000002d5      0x1fb CMakeFiles/LudOS.dir/kern/i686/pc/fpu.cpp.obj
 .debug_line    0x00000000000004d0      0x1a7 CMakeFiles/LudOS.dir/kern/i686/pc/gdt.cpp.obj
 .debug_line    0x0000000000000677      0x20f CMakeFiles/LudOS.dir/kern/i686/pc/idt.cpp.obj
 .debug_line    0x0000000000000886       0xad CMakeFiles/LudOS.dir/kern/i686/pc/io.cpp.obj
 .debug_line    0x0000000000000933      0x138 CMakeFiles/LudOS.dir/kern/i686/pc/isr.cpp.obj
 .debug_line    0x0000000000000a6b      0x14e CMakeFiles/LudOS.dir/kern/i686/pc/meminfo.cpp.obj
 .debug_line    0x0000000000000bb9      0x23a CMakeFiles/LudOS.dir/kern/i686/pc/paging.cpp.obj
 .debug_line    0x0000000000000df3      0x3d2 CMakeFiles/LudOS.dir/kern/i686/pc/smbios.cpp.obj
 .debug_line    0x00000000000011c5      0x161 CMakeFiles/LudOS.dir/kern/i686/pc/timestamp.cpp.obj
 .debug_line    0x0000000000001326       0x51 CMakeFiles/LudOS.dir/kern/i686/pc/tss.cpp.obj
 .debug_line    0x0000000000001377      0x32d CMakeFiles/LudOS.dir/kern/terminal/terminal.cpp.obj
 .debug_line    0x00000000000016a4       0x71 CMakeFiles/LudOS.dir/kern/cpp_runtime/guards.cpp.obj
 .debug_line    0x0000000000001715       0xa2 CMakeFiles/LudOS.dir/kern/cpp_runtime/icxxabi.cpp.obj
 .debug_line    0x00000000000017b7       0x63 CMakeFiles/LudOS.dir/kern/cpp_runtime/pure_virtual.cpp.obj
 .debug_line    0x000000000000181a      0x10a CMakeFiles/LudOS.dir/kern/bios/bda.cpp.obj
 .debug_line    0x0000000000001924      0x252 CMakeFiles/LudOS.dir/kern/multiboot/multiboot_kern.cpp.obj
 .debug_line    0x0000000000001b76       0xf8 CMakeFiles/LudOS.dir/kern/ext/liballoc/liballoc_stubs.cpp.obj
 .debug_line    0x0000000000001c6e      0x16c CMakeFiles/LudOS.dir/kern/greet.cpp.obj
 .debug_line    0x0000000000001dda      0x377 CMakeFiles/LudOS.dir/kern/i686/pc/devices/keyboard.cpp.obj
 .debug_line    0x0000000000002151       0xe3 CMakeFiles/LudOS.dir/kern/i686/pc/devices/pic.cpp.obj
 .debug_line    0x0000000000002234      0x13a CMakeFiles/LudOS.dir/kern/i686/pc/devices/pit.cpp.obj
 .debug_line    0x000000000000236e      0x11a CMakeFiles/LudOS.dir/kern/i686/pc/devices/speaker.cpp.obj
 .debug_line    0x0000000000002488      0x37b CMakeFiles/LudOS.dir/kern/kmain.cpp.obj
 .debug_line    0x0000000000002803      0x1d9 CMakeFiles/LudOS.dir/kern/panic.cpp.obj
 .debug_line    0x00000000000029dc      0x319 CMakeFiles/LudOS.dir/kern/ext/liballoc/liballoc.c.obj
 .debug_line    0x0000000000002cf5      0x335 liblibc.a(printf.c.obj)
 .debug_line    0x000000000000302a       0x88 liblibc.a(atoi.cpp.obj)
 .debug_line    0x00000000000030b2      0x13c liblibc.a(itoa.cpp.obj)
 .debug_line    0x00000000000031ee      0x161 liblibc.a(putchar.cpp.obj)
 .debug_line    0x000000000000334f       0x57 liblibc.a(puts.cpp.obj)
 .debug_line    0x00000000000033a6       0xaa liblibc.a(memcpy.cpp.obj)
 .debug_line    0x0000000000003450       0xcf liblibc.a(memset.cpp.obj)
 .debug_line    0x000000000000351f       0x9a liblibc.a(strlen.cpp.obj)
 .debug_line    0x00000000000035b9      0x144 /usr/local/cross/lib/gcc/i686-elf/7.2.0/libgcc.a(_udivdi3.o)
 .debug_line    0x00000000000036fd      0x13f /usr/local/cross/lib/gcc/i686-elf/7.2.0/libgcc.a(_umoddi3.o)

.debug_str      0x0000000000000000     0x36c6
 .debug_str     0x0000000000000000      0xc20 CMakeFiles/LudOS.dir/kern/i686/pc/cpuid.cpp.obj
                                        0xcda (size before relaxing)
 .debug_str     0x0000000000000c20       0x99 CMakeFiles/LudOS.dir/kern/i686/pc/fpu.cpp.obj
                                        0xc74 (size before relaxing)
 .debug_str     0x0000000000000cb9      0x17a CMakeFiles/LudOS.dir/kern/i686/pc/gdt.cpp.obj
                                        0xc63 (size before relaxing)
 .debug_str     0x0000000000000e33       0xf0 CMakeFiles/LudOS.dir/kern/i686/pc/idt.cpp.obj
                                        0xbeb (size before relaxing)
 .debug_str     0x0000000000000f23       0x7e CMakeFiles/LudOS.dir/kern/i686/pc/io.cpp.obj
                                        0x232 (size before relaxing)
 .debug_str     0x0000000000000fa1       0xd4 CMakeFiles/LudOS.dir/kern/i686/pc/isr.cpp.obj
                                        0x2a2 (size before relaxing)
 .debug_str     0x0000000000001075      0x43d CMakeFiles/LudOS.dir/kern/i686/pc/meminfo.cpp.obj
                                        0x644 (size before relaxing)
 .debug_str     0x00000000000014b2      0x1c4 CMakeFiles/LudOS.dir/kern/i686/pc/paging.cpp.obj
                                       0x11e9 (size before relaxing)
 .debug_str     0x0000000000001676      0x41a CMakeFiles/LudOS.dir/kern/i686/pc/smbios.cpp.obj
                                       0x105b (size before relaxing)
 .debug_str     0x0000000000001a90      0x1a9 CMakeFiles/LudOS.dir/kern/i686/pc/timestamp.cpp.obj
                                        0x37b (size before relaxing)
 .debug_str     0x0000000000001c39       0x26 CMakeFiles/LudOS.dir/kern/i686/pc/tss.cpp.obj
                                        0x1a1 (size before relaxing)
 .debug_str     0x0000000000001c5f      0x110 CMakeFiles/LudOS.dir/kern/terminal/terminal.cpp.obj
                                        0xc0c (size before relaxing)
 .debug_str     0x0000000000001d6f       0x7a CMakeFiles/LudOS.dir/kern/cpp_runtime/guards.cpp.obj
                                        0x170 (size before relaxing)
 .debug_str     0x0000000000001de9       0xb3 CMakeFiles/LudOS.dir/kern/cpp_runtime/icxxabi.cpp.obj
                                        0x1ba (size before relaxing)
 .debug_str     0x0000000000001e9c       0x46 CMakeFiles/LudOS.dir/kern/cpp_runtime/pure_virtual.cpp.obj
                                        0x12e (size before relaxing)
 .debug_str     0x0000000000001ee2      0x1c7 CMakeFiles/LudOS.dir/kern/bios/bda.cpp.obj
                                        0x399 (size before relaxing)
 .debug_str     0x00000000000020a9      0x132 CMakeFiles/LudOS.dir/kern/multiboot/multiboot_kern.cpp.obj
                                       0x11a0 (size before relaxing)
 .debug_str     0x00000000000021db       0x8b CMakeFiles/LudOS.dir/kern/ext/liballoc/liballoc_stubs.cpp.obj
                                        0x3cf (size before relaxing)
 .debug_str     0x0000000000002266       0x3f CMakeFiles/LudOS.dir/kern/greet.cpp.obj
                                        0xb06 (size before relaxing)
 .debug_str     0x00000000000022a5      0x2f2 CMakeFiles/LudOS.dir/kern/i686/pc/devices/keyboard.cpp.obj
                                        0xf3d (size before relaxing)
 .debug_str     0x0000000000002597       0x9e CMakeFiles/LudOS.dir/kern/i686/pc/devices/pic.cpp.obj
                                        0x259 (size before relaxing)
 .debug_str     0x0000000000002635       0xc9 CMakeFiles/LudOS.dir/kern/i686/pc/devices/pit.cpp.obj
                                        0x38a (size before relaxing)
 .debug_str     0x00000000000026fe       0x99 CMakeFiles/LudOS.dir/kern/i686/pc/devices/speaker.cpp.obj
                                        0x339 (size before relaxing)
 .debug_str     0x0000000000002797       0x35 CMakeFiles/LudOS.dir/kern/kmain.cpp.obj
                                       0x195d (size before relaxing)
 .debug_str     0x00000000000027cc       0x58 CMakeFiles/LudOS.dir/kern/panic.cpp.obj
                                        0xba9 (size before relaxing)
 .debug_str     0x0000000000002824      0x239 CMakeFiles/LudOS.dir/kern/ext/liballoc/liballoc.c.obj
                                        0x317 (size before relaxing)
 .debug_str     0x0000000000002a5d      0x14d liblibc.a(printf.c.obj)
                                        0x32e (size before relaxing)
 .debug_str     0x0000000000002baa       0x39 liblibc.a(atoi.cpp.obj)
                                        0x14d (size before relaxing)
 .debug_str     0x0000000000002be3       0x40 liblibc.a(itoa.cpp.obj)
                                        0x207 (size before relaxing)
 .debug_str     0x0000000000002c23       0x3f liblibc.a(putchar.cpp.obj)
                                        0xafe (size before relaxing)
 .debug_str     0x0000000000002c62       0x2a liblibc.a(puts.cpp.obj)
                                        0x1cb (size before relaxing)
 .debug_str     0x0000000000002c8c       0x36 liblibc.a(memcpy.cpp.obj)
                                        0x1de (size before relaxing)
 .debug_str     0x0000000000002cc2       0x37 liblibc.a(memset.cpp.obj)
                                        0x1ee (size before relaxing)
 .debug_str     0x0000000000002cf9       0x2f liblibc.a(strlen.cpp.obj)
                                        0x1d0 (size before relaxing)
 .debug_str     0x0000000000002d28      0x994 /usr/local/cross/lib/gcc/i686-elf/7.2.0/libgcc.a(_udivdi3.o)
                                        0xaa5 (size before relaxing)
 .debug_str     0x00000000000036bc        0xa /usr/local/cross/lib/gcc/i686-elf/7.2.0/libgcc.a(_umoddi3.o)
                                        0xaa5 (size before relaxing)

.debug_loc      0x0000000000000000      0xa31
 .debug_loc     0x0000000000000000      0x581 /usr/local/cross/lib/gcc/i686-elf/7.2.0/libgcc.a(_udivdi3.o)
 .debug_loc     0x0000000000000581      0x4b0 /usr/local/cross/lib/gcc/i686-elf/7.2.0/libgcc.a(_umoddi3.o)
